<?xml version="1.0"?>
<link_info>
   <banner>TI ARM Linker Unix v15.12.3.LTS</banner>
   <copyright>Copyright (c) 1996-2015 Texas Instruments Incorporated</copyright>
   <link_time>0x593f4934</link_time>
   <link_errors>0x0</link_errors>
   <output_file>freertos_demo.out</output_file>
   <entry_point>
      <name>_c_int00</name>
      <address>0x18b1</address>
   </entry_point>
   <input_file_list>
      <input_file id="fl-2">
         <path>./</path>
         <kind>object</kind>
         <file>freertos_demo.obj</file>
         <name>freertos_demo.obj</name>
      </input_file>
      <input_file id="fl-3">
         <path>./</path>
         <kind>object</kind>
         <file>led_task.obj</file>
         <name>led_task.obj</name>
      </input_file>
      <input_file id="fl-4">
         <path>./</path>
         <kind>object</kind>
         <file>startup_ccs.obj</file>
         <name>startup_ccs.obj</name>
      </input_file>
      <input_file id="fl-5">
         <path>./</path>
         <kind>object</kind>
         <file>switch_task.obj</file>
         <name>switch_task.obj</name>
      </input_file>
      <input_file id="fl-6">
         <path>./drivers/</path>
         <kind>object</kind>
         <file>buttons.obj</file>
         <name>buttons.obj</name>
      </input_file>
      <input_file id="fl-7">
         <path>./drivers/</path>
         <kind>object</kind>
         <file>rgb.obj</file>
         <name>rgb.obj</name>
      </input_file>
      <input_file id="fl-8">
         <path>./third_party/FreeRTOS/Source/</path>
         <kind>object</kind>
         <file>list.obj</file>
         <name>list.obj</name>
      </input_file>
      <input_file id="fl-9">
         <path>./third_party/FreeRTOS/Source/</path>
         <kind>object</kind>
         <file>queue.obj</file>
         <name>queue.obj</name>
      </input_file>
      <input_file id="fl-a">
         <path>./third_party/FreeRTOS/Source/</path>
         <kind>object</kind>
         <file>tasks.obj</file>
         <name>tasks.obj</name>
      </input_file>
      <input_file id="fl-b">
         <path>./third_party/FreeRTOS/Source/portable/CCS/ARM_CM4F/</path>
         <kind>object</kind>
         <file>port.obj</file>
         <name>port.obj</name>
      </input_file>
      <input_file id="fl-c">
         <path>./third_party/FreeRTOS/Source/portable/CCS/ARM_CM4F/</path>
         <kind>object</kind>
         <file>portasm.obj</file>
         <name>portasm.obj</name>
      </input_file>
      <input_file id="fl-d">
         <path>./third_party/FreeRTOS/Source/portable/MemMang/</path>
         <kind>object</kind>
         <file>heap_2.obj</file>
         <name>heap_2.obj</name>
      </input_file>
      <input_file id="fl-e">
         <path>./utils/</path>
         <kind>object</kind>
         <file>uartstdio.obj</file>
         <name>uartstdio.obj</name>
      </input_file>
      <input_file id="fl-f">
         <path>./utils/</path>
         <kind>object</kind>
         <file>ustdlib.obj</file>
         <name>ustdlib.obj</name>
      </input_file>
      <input_file id="fl-ca">
         <path>/opt/ti/ccsv6/tools/compiler/arm_15.12.3.LTS/lib/</path>
         <kind>archive</kind>
         <file>rtsv7M4_T_le_v4SPD16_eabi.lib</file>
         <name>boot.obj</name>
      </input_file>
      <input_file id="fl-cb">
         <path>/opt/ti/ccsv6/tools/compiler/arm_15.12.3.LTS/lib/</path>
         <kind>archive</kind>
         <file>rtsv7M4_T_le_v4SPD16_eabi.lib</file>
         <name>copy_decompress_none.obj</name>
      </input_file>
      <input_file id="fl-cc">
         <path>/opt/ti/ccsv6/tools/compiler/arm_15.12.3.LTS/lib/</path>
         <kind>archive</kind>
         <file>rtsv7M4_T_le_v4SPD16_eabi.lib</file>
         <name>copy_decompress_rle.obj</name>
      </input_file>
      <input_file id="fl-cd">
         <path>/opt/ti/ccsv6/tools/compiler/arm_15.12.3.LTS/lib/</path>
         <kind>archive</kind>
         <file>rtsv7M4_T_le_v4SPD16_eabi.lib</file>
         <name>copy_zero_init.obj</name>
      </input_file>
      <input_file id="fl-ce">
         <path>/opt/ti/ccsv6/tools/compiler/arm_15.12.3.LTS/lib/</path>
         <kind>archive</kind>
         <file>rtsv7M4_T_le_v4SPD16_eabi.lib</file>
         <name>exit.obj</name>
      </input_file>
      <input_file id="fl-cf">
         <path>/opt/ti/ccsv6/tools/compiler/arm_15.12.3.LTS/lib/</path>
         <kind>archive</kind>
         <file>rtsv7M4_T_le_v4SPD16_eabi.lib</file>
         <name>fs_toull_t2.obj</name>
      </input_file>
      <input_file id="fl-d0">
         <path>/opt/ti/ccsv6/tools/compiler/arm_15.12.3.LTS/lib/</path>
         <kind>archive</kind>
         <file>rtsv7M4_T_le_v4SPD16_eabi.lib</file>
         <name>memcpy_t2.obj</name>
      </input_file>
      <input_file id="fl-d1">
         <path>/opt/ti/ccsv6/tools/compiler/arm_15.12.3.LTS/lib/</path>
         <kind>archive</kind>
         <file>rtsv7M4_T_le_v4SPD16_eabi.lib</file>
         <name>memset_t2.obj</name>
      </input_file>
      <input_file id="fl-d2">
         <path>/opt/ti/ccsv6/tools/compiler/arm_15.12.3.LTS/lib/</path>
         <kind>archive</kind>
         <file>rtsv7M4_T_le_v4SPD16_eabi.lib</file>
         <name>mpu_init.obj</name>
      </input_file>
      <input_file id="fl-d3">
         <path>/opt/ti/ccsv6/tools/compiler/arm_15.12.3.LTS/lib/</path>
         <kind>archive</kind>
         <file>rtsv7M4_T_le_v4SPD16_eabi.lib</file>
         <name>pre_init.obj</name>
      </input_file>
      <input_file id="fl-d4">
         <path>/opt/ti/ccsv6/tools/compiler/arm_15.12.3.LTS/lib/</path>
         <kind>archive</kind>
         <file>rtsv7M4_T_le_v4SPD16_eabi.lib</file>
         <name>stkdepth_vars.obj</name>
      </input_file>
      <input_file id="fl-d5">
         <path>/opt/ti/ccsv6/tools/compiler/arm_15.12.3.LTS/lib/</path>
         <kind>archive</kind>
         <file>rtsv7M4_T_le_v4SPD16_eabi.lib</file>
         <name>u_divt2.obj</name>
      </input_file>
      <input_file id="fl-d6">
         <path>/opt/ti/ccsv6/tools/compiler/arm_15.12.3.LTS/lib/</path>
         <kind>archive</kind>
         <file>rtsv7M4_T_le_v4SPD16_eabi.lib</file>
         <name>_lock.obj</name>
      </input_file>
      <input_file id="fl-d7">
         <path>/opt/ti/ccsv6/tools/compiler/arm_15.12.3.LTS/lib/</path>
         <kind>archive</kind>
         <file>rtsv7M4_T_le_v4SPD16_eabi.lib</file>
         <name>args_main.obj</name>
      </input_file>
      <input_file id="fl-d8">
         <path>/opt/ti/ccsv6/tools/compiler/arm_15.12.3.LTS/lib/</path>
         <kind>archive</kind>
         <file>rtsv7M4_T_le_v4SPD16_eabi.lib</file>
         <name>autoinit.obj</name>
      </input_file>
      <input_file id="fl-d9">
         <path>/opt/ti/ccsv6/tools/compiler/arm_15.12.3.LTS/lib/</path>
         <kind>archive</kind>
         <file>rtsv7M4_T_le_v4SPD16_eabi.lib</file>
         <name>cpy_tbl.obj</name>
      </input_file>
      <input_file id="fl-da">
         <path>/opt/ti/ccsv6/tools/compiler/arm_15.12.3.LTS/lib/</path>
         <kind>archive</kind>
         <file>rtsv7M4_T_le_v4SPD16_eabi.lib</file>
         <name>i_div0.obj</name>
      </input_file>
      <input_file id="fl-db">
         <path>/opt/ti/ccsv6/tools/compiler/arm_15.12.3.LTS/lib/</path>
         <kind>archive</kind>
         <file>rtsv7M4_T_le_v4SPD16_eabi.lib</file>
         <name>startup.obj</name>
      </input_file>
      <input_file id="fl-dc">
         <path>/home/gabriel/.bin/TivaWare/driverlib/ccs/Debug/</path>
         <kind>archive</kind>
         <file>driverlib.lib</file>
         <name>adc.obj</name>
      </input_file>
      <input_file id="fl-dd">
         <path>/home/gabriel/.bin/TivaWare/driverlib/ccs/Debug/</path>
         <kind>archive</kind>
         <file>driverlib.lib</file>
         <name>flash.obj</name>
      </input_file>
      <input_file id="fl-de">
         <path>/home/gabriel/.bin/TivaWare/driverlib/ccs/Debug/</path>
         <kind>archive</kind>
         <file>driverlib.lib</file>
         <name>gpio.obj</name>
      </input_file>
      <input_file id="fl-df">
         <path>/home/gabriel/.bin/TivaWare/driverlib/ccs/Debug/</path>
         <kind>archive</kind>
         <file>driverlib.lib</file>
         <name>interrupt.obj</name>
      </input_file>
      <input_file id="fl-e0">
         <path>/home/gabriel/.bin/TivaWare/driverlib/ccs/Debug/</path>
         <kind>archive</kind>
         <file>driverlib.lib</file>
         <name>sysctl.obj</name>
      </input_file>
      <input_file id="fl-e1">
         <path>/home/gabriel/.bin/TivaWare/driverlib/ccs/Debug/</path>
         <kind>archive</kind>
         <file>driverlib.lib</file>
         <name>uart.obj</name>
      </input_file>
      <input_file id="fl-e2">
         <path>/home/gabriel/.bin/TivaWare/driverlib/ccs/Debug/</path>
         <kind>archive</kind>
         <file>driverlib.lib</file>
         <name>cpu.obj</name>
      </input_file>
   </input_file_list>
   <object_component_list>
      <object_component id="oc-f">
         <name>.intvecs</name>
         <load_address>0x0</load_address>
         <run_address>0x0</run_address>
         <size>0x26c</size>
         <input_file_ref idref="fl-4"/>
      </object_component>
      <object_component id="oc-1e2">
         <name>.text:UARTvprintf</name>
         <load_address>0x26c</load_address>
         <run_address>0x26c</run_address>
         <size>0x1ea</size>
         <input_file_ref idref="fl-e"/>
      </object_component>
      <object_component id="oc-37">
         <name>.text:FaultISR</name>
         <load_address>0x456</load_address>
         <run_address>0x456</run_address>
         <size>0x2</size>
         <input_file_ref idref="fl-4"/>
      </object_component>
      <object_component id="oc-16c">
         <name>.text:vTemperatureTask</name>
         <load_address>0x458</load_address>
         <run_address>0x458</run_address>
         <size>0x158</size>
         <input_file_ref idref="fl-2"/>
      </object_component>
      <object_component id="oc-29c">
         <name>.text:GPIOPadConfigSet</name>
         <load_address>0x5b0</load_address>
         <run_address>0x5b0</run_address>
         <size>0x132</size>
         <input_file_ref idref="fl-de"/>
      </object_component>
      <object_component id="oc-3d">
         <name>.text:IntDefaultHandler</name>
         <load_address>0x6e2</load_address>
         <run_address>0x6e2</run_address>
         <size>0x2</size>
         <input_file_ref idref="fl-4"/>
      </object_component>
      <object_component id="oc-249">
         <name>.text:xQueueGenericReceive</name>
         <load_address>0x6e4</load_address>
         <run_address>0x6e4</run_address>
         <size>0x11c</size>
         <input_file_ref idref="fl-9"/>
      </object_component>
      <object_component id="oc-df">
         <name>.text:main</name>
         <load_address>0x800</load_address>
         <run_address>0x800</run_address>
         <size>0x114</size>
         <input_file_ref idref="fl-2"/>
      </object_component>
      <object_component id="oc-a9">
         <name>.text:xTaskIncrementTick</name>
         <load_address>0x914</load_address>
         <run_address>0x914</run_address>
         <size>0x10c</size>
         <input_file_ref idref="fl-a"/>
      </object_component>
      <object_component id="oc-14f">
         <name>.text:xTaskGenericCreate</name>
         <load_address>0xa20</load_address>
         <run_address>0xa20</run_address>
         <size>0x104</size>
         <input_file_ref idref="fl-a"/>
      </object_component>
      <object_component id="oc-1fb">
         <name>.text:xQueueGenericSend</name>
         <load_address>0xb24</load_address>
         <run_address>0xb24</run_address>
         <size>0xe8</size>
         <input_file_ref idref="fl-9"/>
      </object_component>
      <object_component id="oc-2d4">
         <name>.text:xTaskResumeAll</name>
         <load_address>0xc0c</load_address>
         <run_address>0xc0c</run_address>
         <size>0xe4</size>
         <input_file_ref idref="fl-a"/>
      </object_component>
      <object_component id="oc-43">
         <name>.text</name>
         <load_address>0xcf0</load_address>
         <run_address>0xcf0</run_address>
         <size>0xd2</size>
         <input_file_ref idref="fl-c"/>
      </object_component>
      <object_component id="oc-31">
         <name>.text:NmiSR</name>
         <load_address>0xdc2</load_address>
         <run_address>0xdc2</run_address>
         <size>0x2</size>
         <input_file_ref idref="fl-4"/>
      </object_component>
      <object_component id="oc-166">
         <name>.text:vSerialTask</name>
         <load_address>0xdc4</load_address>
         <run_address>0xdc4</run_address>
         <size>0xb8</size>
         <input_file_ref idref="fl-2"/>
      </object_component>
      <object_component id="oc-1ef">
         <name>.text:pvPortMalloc</name>
         <load_address>0xe7c</load_address>
         <run_address>0xe7c</run_address>
         <size>0xac</size>
         <input_file_ref idref="fl-d"/>
      </object_component>
      <object_component id="oc-51">
         <name>.text</name>
         <load_address>0xf28</load_address>
         <run_address>0xf28</run_address>
         <size>0x9c</size>
         <input_file_ref idref="fl-d0"/>
      </object_component>
      <object_component id="oc-357">
         <name>.text:vTaskPriorityInherit</name>
         <load_address>0xfc4</load_address>
         <run_address>0xfc4</run_address>
         <size>0x94</size>
         <input_file_ref idref="fl-a"/>
      </object_component>
      <object_component id="oc-160">
         <name>.text:vFlashTask</name>
         <load_address>0x1058</load_address>
         <run_address>0x1058</run_address>
         <size>0x8c</size>
         <input_file_ref idref="fl-2"/>
      </object_component>
      <object_component id="oc-209">
         <name>.text:xQueueGenericReset</name>
         <load_address>0x10e4</load_address>
         <run_address>0x10e4</run_address>
         <size>0x84</size>
         <input_file_ref idref="fl-9"/>
      </object_component>
      <object_component id="oc-3bf">
         <name>.text:xTaskPriorityDisinherit</name>
         <load_address>0x1168</load_address>
         <run_address>0x1168</run_address>
         <size>0x7c</size>
         <input_file_ref idref="fl-a"/>
      </object_component>
      <object_component id="oc-269">
         <name>.text:ADCSequenceStepConfigure</name>
         <load_address>0x11e4</load_address>
         <run_address>0x11e4</run_address>
         <size>0x7a</size>
         <input_file_ref idref="fl-dc"/>
      </object_component>
      <object_component id="oc-6a">
         <name>.text</name>
         <load_address>0x125e</load_address>
         <run_address>0x125e</run_address>
         <size>0x7a</size>
         <input_file_ref idref="fl-d1"/>
      </object_component>
      <object_component id="oc-293">
         <name>.text:xTaskRemoveFromEventList</name>
         <load_address>0x12d8</load_address>
         <run_address>0x12d8</run_address>
         <size>0x74</size>
         <input_file_ref idref="fl-a"/>
      </object_component>
      <object_component id="oc-304">
         <name>.text:prvCopyDataToQueue</name>
         <load_address>0x134c</load_address>
         <run_address>0x134c</run_address>
         <size>0x72</size>
         <input_file_ref idref="fl-9"/>
      </object_component>
      <object_component id="oc-38e">
         <name>.text</name>
         <load_address>0x13be</load_address>
         <run_address>0x13be</run_address>
         <size>0x2</size>
         <input_file_ref idref="fl-da"/>
      </object_component>
      <object_component id="oc-82">
         <name>.text</name>
         <load_address>0x13c0</load_address>
         <run_address>0x13c0</run_address>
         <size>0x70</size>
         <input_file_ref idref="fl-d8"/>
      </object_component>
      <object_component id="oc-5d">
         <name>.text</name>
         <load_address>0x1430</load_address>
         <run_address>0x1430</run_address>
         <size>0x6a</size>
         <input_file_ref idref="fl-cc"/>
      </object_component>
      <object_component id="oc-76">
         <name>.text</name>
         <load_address>0x149a</load_address>
         <run_address>0x149a</run_address>
         <size>0x2</size>
         <input_file_ref idref="fl-d2"/>
      </object_component>
      <object_component id="oc-137">
         <name>.text:ConfigureUART</name>
         <load_address>0x149c</load_address>
         <run_address>0x149c</run_address>
         <size>0x68</size>
         <input_file_ref idref="fl-2"/>
      </object_component>
      <object_component id="oc-255">
         <name>.text:FlashProgram</name>
         <load_address>0x1504</load_address>
         <run_address>0x1504</run_address>
         <size>0x68</size>
         <input_file_ref idref="fl-dd"/>
      </object_component>
      <object_component id="oc-2fe">
         <name>.text:vTaskPlaceOnEventList</name>
         <load_address>0x156c</load_address>
         <run_address>0x156c</run_address>
         <size>0x64</size>
         <input_file_ref idref="fl-a"/>
      </object_component>
      <object_component id="oc-2f2">
         <name>.text:prvUnlockQueue</name>
         <load_address>0x15d0</load_address>
         <run_address>0x15d0</run_address>
         <size>0x62</size>
         <input_file_ref idref="fl-9"/>
      </object_component>
      <object_component id="oc-d7">
         <name>.text</name>
         <load_address>0x1632</load_address>
         <run_address>0x1632</run_address>
         <size>0x2</size>
         <input_file_ref idref="fl-db"/>
      </object_component>
      <object_component id="oc-1db">
         <name>.text:UARTStdioConfig</name>
         <load_address>0x1634</load_address>
         <run_address>0x1634</run_address>
         <size>0x60</size>
         <input_file_ref idref="fl-e"/>
      </object_component>
      <object_component id="oc-228">
         <name>.text:prvInitialiseTaskLists</name>
         <load_address>0x1694</load_address>
         <run_address>0x1694</run_address>
         <size>0x60</size>
         <input_file_ref idref="fl-a"/>
      </object_component>
      <object_component id="oc-155">
         <name>.text:vTaskStartScheduler</name>
         <load_address>0x16f4</load_address>
         <run_address>0x16f4</run_address>
         <size>0x60</size>
         <input_file_ref idref="fl-a"/>
      </object_component>
      <object_component id="oc-344">
         <name>.text:prvCheckTasksWaitingTermination</name>
         <load_address>0x1754</load_address>
         <run_address>0x1754</run_address>
         <size>0x58</size>
         <input_file_ref idref="fl-a"/>
      </object_component>
      <object_component id="oc-a2">
         <name>.text:vTaskSwitchContext</name>
         <load_address>0x17ac</load_address>
         <run_address>0x17ac</run_address>
         <size>0x58</size>
         <input_file_ref idref="fl-a"/>
      </object_component>
      <object_component id="oc-1b1">
         <name>.text:xQueueGiveFromISR</name>
         <load_address>0x1804</load_address>
         <run_address>0x1804</run_address>
         <size>0x56</size>
         <input_file_ref idref="fl-9"/>
      </object_component>
      <object_component id="oc-216">
         <name>.text:prvInitialiseTCBVariables</name>
         <load_address>0x185a</load_address>
         <run_address>0x185a</run_address>
         <size>0x54</size>
         <input_file_ref idref="fl-a"/>
      </object_component>
      <object_component id="oc-24">
         <name>.text</name>
         <load_address>0x18b0</load_address>
         <run_address>0x18b0</run_address>
         <size>0x54</size>
         <input_file_ref idref="fl-ca"/>
      </object_component>
      <object_component id="oc-8e">
         <name>.text</name>
         <load_address>0x1904</load_address>
         <run_address>0x1904</run_address>
         <size>0x54</size>
         <input_file_ref idref="fl-ce"/>
      </object_component>
      <object_component id="oc-2ec">
         <name>.text:xTaskCheckForTimeOut</name>
         <load_address>0x1958</load_address>
         <run_address>0x1958</run_address>
         <size>0x54</size>
         <input_file_ref idref="fl-a"/>
      </object_component>
      <object_component id="oc-263">
         <name>.text:ADCSequenceConfigure</name>
         <load_address>0x19ac</load_address>
         <run_address>0x19ac</run_address>
         <size>0x50</size>
         <input_file_ref idref="fl-dc"/>
      </object_component>
      <object_component id="oc-3b8">
         <name>.text:prvAddCurrentTaskToDelayedList</name>
         <load_address>0x19fc</load_address>
         <run_address>0x19fc</run_address>
         <size>0x4c</size>
         <input_file_ref idref="fl-a"/>
      </object_component>
      <object_component id="oc-d1">
         <name>.text</name>
         <load_address>0x1a48</load_address>
         <run_address>0x1a48</run_address>
         <size>0x4c</size>
         <input_file_ref idref="fl-d9"/>
      </object_component>
      <object_component id="oc-143">
         <name>.text:xQueueCreateMutex</name>
         <load_address>0x1a94</load_address>
         <run_address>0x1a94</run_address>
         <size>0x4c</size>
         <input_file_ref idref="fl-9"/>
      </object_component>
      <object_component id="oc-2ba">
         <name>.text:UARTwrite</name>
         <load_address>0x1ae0</load_address>
         <run_address>0x1ae0</run_address>
         <size>0x48</size>
         <input_file_ref idref="fl-e"/>
      </object_component>
      <object_component id="oc-313">
         <name>.text:vPortFree</name>
         <load_address>0x1b28</load_address>
         <run_address>0x1b28</run_address>
         <size>0x44</size>
         <input_file_ref idref="fl-d"/>
      </object_component>
      <object_component id="oc-2c0">
         <name>.text</name>
         <load_address>0x1b6c</load_address>
         <run_address>0x1b6c</run_address>
         <size>0x40</size>
         <input_file_ref idref="fl-d5"/>
      </object_component>
      <object_component id="oc-235">
         <name>.text:xPortStartScheduler</name>
         <load_address>0x1bac</load_address>
         <run_address>0x1bac</run_address>
         <size>0x40</size>
         <input_file_ref idref="fl-b"/>
      </object_component>
      <object_component id="oc-149">
         <name>.text:xQueueGenericCreate</name>
         <load_address>0x1bec</load_address>
         <run_address>0x1bec</run_address>
         <size>0x3c</size>
         <input_file_ref idref="fl-9"/>
      </object_component>
      <object_component id="oc-210">
         <name>.text:prvAllocateTCBAndStack</name>
         <load_address>0x1c28</load_address>
         <run_address>0x1c28</run_address>
         <size>0x3a</size>
         <input_file_ref idref="fl-a"/>
      </object_component>
      <object_component id="oc-3b2">
         <name>.text:vListInsert</name>
         <load_address>0x1c62</load_address>
         <run_address>0x1c62</run_address>
         <size>0x38</size>
         <input_file_ref idref="fl-8"/>
      </object_component>
      <object_component id="oc-1c1">
         <name>.text:SysCtlPeripheralEnable</name>
         <load_address>0x1c9c</load_address>
         <run_address>0x1c9c</run_address>
         <size>0x34</size>
         <input_file_ref idref="fl-e0"/>
      </object_component>
      <object_component id="oc-131">
         <name>.text:ConfigureLED</name>
         <load_address>0x1cd0</load_address>
         <run_address>0x1cd0</run_address>
         <size>0x30</size>
         <input_file_ref idref="fl-2"/>
      </object_component>
      <object_component id="oc-24f">
         <name>.text:FlashErase</name>
         <load_address>0x1d00</load_address>
         <run_address>0x1d00</run_address>
         <size>0x30</size>
         <input_file_ref idref="fl-dd"/>
      </object_component>
      <object_component id="oc-2ce">
         <name>.text:prvHeapInit</name>
         <load_address>0x1d30</load_address>
         <run_address>0x1d30</run_address>
         <size>0x30</size>
         <input_file_ref idref="fl-d"/>
      </object_component>
      <object_component id="oc-281">
         <name>.text:ADCIntStatus</name>
         <load_address>0x1d60</load_address>
         <run_address>0x1d60</run_address>
         <size>0x2e</size>
         <input_file_ref idref="fl-dc"/>
      </object_component>
      <object_component id="oc-48">
         <name>.text:xPortSysTickHandler</name>
         <load_address>0x1d90</load_address>
         <run_address>0x1d90</run_address>
         <size>0x2c</size>
         <input_file_ref idref="fl-b"/>
      </object_component>
      <object_component id="oc-2a2">
         <name>.text:GPIODirModeSet</name>
         <load_address>0x1dbc</load_address>
         <run_address>0x1dbc</run_address>
         <size>0x2a</size>
         <input_file_ref idref="fl-de"/>
      </object_component>
      <object_component id="oc-101">
         <name>.text:prvResetNextTaskUnblockTime</name>
         <load_address>0x1de8</load_address>
         <run_address>0x1de8</run_address>
         <size>0x28</size>
         <input_file_ref idref="fl-a"/>
      </object_component>
      <object_component id="oc-21c">
         <name>.text:pxPortInitialiseStack</name>
         <load_address>0x1e10</load_address>
         <run_address>0x1e10</run_address>
         <size>0x28</size>
         <input_file_ref idref="fl-b"/>
      </object_component>
      <object_component id="oc-35d">
         <name>.text:prvCopyDataFromQueue</name>
         <load_address>0x1e38</load_address>
         <run_address>0x1e38</run_address>
         <size>0x26</size>
         <input_file_ref idref="fl-9"/>
      </object_component>
      <object_component id="oc-107">
         <name>.text:uxListRemove</name>
         <load_address>0x1e5e</load_address>
         <run_address>0x1e5e</run_address>
         <size>0x20</size>
         <input_file_ref idref="fl-8"/>
      </object_component>
      <object_component id="oc-287">
         <name>.text:ADCSequenceDataGet</name>
         <load_address>0x1e7e</load_address>
         <run_address>0x1e7e</run_address>
         <size>0x1e</size>
         <input_file_ref idref="fl-dc"/>
      </object_component>
      <object_component id="oc-2f8">
         <name>.text:prvIsQueueFull</name>
         <load_address>0x1e9c</load_address>
         <run_address>0x1e9c</run_address>
         <size>0x1c</size>
         <input_file_ref idref="fl-9"/>
      </object_component>
      <object_component id="oc-222">
         <name>.text:vPortEnterCritical</name>
         <load_address>0x1eb8</load_address>
         <run_address>0x1eb8</run_address>
         <size>0x1c</size>
         <input_file_ref idref="fl-b"/>
      </object_component>
      <object_component id="oc-13d">
         <name>.text:UARTprintf</name>
         <load_address>0x1ed4</load_address>
         <run_address>0x1ed4</run_address>
         <size>0x1a</size>
         <input_file_ref idref="fl-e"/>
      </object_component>
      <object_component id="oc-351">
         <name>.text:prvIsQueueEmpty</name>
         <load_address>0x1eee</load_address>
         <run_address>0x1eee</run_address>
         <size>0x1a</size>
         <input_file_ref idref="fl-9"/>
      </object_component>
      <object_component id="oc-27b">
         <name>.text:ADCProcessorTrigger</name>
         <load_address>0x1f08</load_address>
         <run_address>0x1f08</run_address>
         <size>0x18</size>
         <input_file_ref idref="fl-dc"/>
      </object_component>
      <object_component id="oc-1c7">
         <name>.text:GPIOPinTypeGPIOOutput</name>
         <load_address>0x1f20</load_address>
         <run_address>0x1f20</run_address>
         <size>0x18</size>
         <input_file_ref idref="fl-de"/>
      </object_component>
      <object_component id="oc-363">
         <name>.text:pvTaskIncrementMutexHeldCount</name>
         <load_address>0x1f38</load_address>
         <run_address>0x1f38</run_address>
         <size>0x18</size>
         <input_file_ref idref="fl-a"/>
      </object_component>
      <object_component id="oc-88">
         <name>.text</name>
         <load_address>0x1f50</load_address>
         <run_address>0x1f50</run_address>
         <size>0x18</size>
         <input_file_ref idref="fl-d7"/>
      </object_component>
      <object_component id="oc-10d">
         <name>.text:vListInsertEnd</name>
         <load_address>0x1f68</load_address>
         <run_address>0x1f68</run_address>
         <size>0x18</size>
         <input_file_ref idref="fl-8"/>
      </object_component>
      <object_component id="oc-22e">
         <name>.text:vPortExitCritical</name>
         <load_address>0x1f80</load_address>
         <run_address>0x1f80</run_address>
         <size>0x18</size>
         <input_file_ref idref="fl-b"/>
      </object_component>
      <object_component id="oc-2e6">
         <name>.text:vTaskSetTimeOutState</name>
         <load_address>0x1f98</load_address>
         <run_address>0x1f98</run_address>
         <size>0x18</size>
         <input_file_ref idref="fl-a"/>
      </object_component>
      <object_component id="oc-1f5">
         <name>.text:vListInitialise</name>
         <load_address>0x1fb0</load_address>
         <run_address>0x1fb0</run_address>
         <size>0x16</size>
         <input_file_ref idref="fl-8"/>
      </object_component>
      <object_component id="oc-17d">
         <name>.text</name>
         <load_address>0x1fc8</load_address>
         <run_address>0x1fc8</run_address>
         <size>0x14</size>
         <input_file_ref idref="fl-d6"/>
      </object_component>
      <object_component id="oc-34a">
         <name>.text:vApplicationIdleHook</name>
         <load_address>0x1fdc</load_address>
         <run_address>0x1fdc</run_address>
         <size>0x14</size>
         <input_file_ref idref="fl-2"/>
      </object_component>
      <object_component id="oc-33d">
         <name>.text:vPortSetupTimerInterrupt</name>
         <load_address>0x1ff0</load_address>
         <run_address>0x1ff0</run_address>
         <size>0x14</size>
         <input_file_ref idref="fl-b"/>
      </object_component>
      <object_component id="oc-3d6">
         <name>.text:prvDeleteTCB</name>
         <load_address>0x2004</load_address>
         <run_address>0x2004</run_address>
         <size>0x12</size>
         <input_file_ref idref="fl-a"/>
      </object_component>
      <object_component id="oc-321">
         <name>.text:prvTaskExitError</name>
         <load_address>0x2016</load_address>
         <run_address>0x2016</run_address>
         <size>0x10</size>
         <input_file_ref idref="fl-b"/>
      </object_component>
      <object_component id="oc-113">
         <name>.text:vApplicationTickHook</name>
         <load_address>0x2028</load_address>
         <run_address>0x2028</run_address>
         <size>0x10</size>
         <input_file_ref idref="fl-2"/>
      </object_component>
      <object_component id="oc-2c8">
         <name>.text:vTaskSuspendAll</name>
         <load_address>0x2038</load_address>
         <run_address>0x2038</run_address>
         <size>0x10</size>
         <input_file_ref idref="fl-a"/>
      </object_component>
      <object_component id="oc-25d">
         <name>.text:ADCHardwareOversampleConfigure</name>
         <load_address>0x2048</load_address>
         <run_address>0x2048</run_address>
         <size>0xe</size>
         <input_file_ref idref="fl-dc"/>
      </object_component>
      <object_component id="oc-26f">
         <name>.text:ADCSequenceEnable</name>
         <load_address>0x2056</load_address>
         <run_address>0x2056</run_address>
         <size>0xe</size>
         <input_file_ref idref="fl-dc"/>
      </object_component>
      <object_component id="oc-12">
         <name>.text:decompress:none</name>
         <load_address>0x2064</load_address>
         <run_address>0x2064</run_address>
         <size>0xe</size>
         <input_file_ref idref="fl-cb"/>
      </object_component>
      <object_component id="oc-23b">
         <name>.text:prvIdleTask</name>
         <load_address>0x2072</load_address>
         <run_address>0x2072</run_address>
         <size>0xc</size>
         <input_file_ref idref="fl-a"/>
      </object_component>
      <object_component id="oc-3aa">
         <name>.text:vTaskMissedYield</name>
         <load_address>0x2080</load_address>
         <run_address>0x2080</run_address>
         <size>0xc</size>
         <input_file_ref idref="fl-a"/>
      </object_component>
      <object_component id="oc-275">
         <name>.text:ADCIntClear</name>
         <load_address>0x208c</load_address>
         <run_address>0x208c</run_address>
         <size>0xa</size>
         <input_file_ref idref="fl-dc"/>
      </object_component>
      <object_component id="oc-1cd">
         <name>.text:GPIOPinWrite</name>
         <load_address>0x2096</load_address>
         <run_address>0x2096</run_address>
         <size>0x6</size>
         <input_file_ref idref="fl-de"/>
      </object_component>
      <object_component id="oc-2b">
         <name>.text:ResetISR</name>
         <load_address>0x209c</load_address>
         <run_address>0x209c</run_address>
         <size>0x6</size>
         <input_file_ref idref="fl-4"/>
      </object_component>
      <object_component id="oc-1d3">
         <name>.text:SysCtlDelay</name>
         <load_address>0x20a2</load_address>
         <run_address>0x20a2</run_address>
         <size>0x6</size>
         <input_file_ref idref="fl-e0"/>
      </object_component>
      <object_component id="oc-1d5">
         <name>.text:UARTClockSourceSet</name>
         <load_address>0x20a8</load_address>
         <run_address>0x20a8</run_address>
         <size>0x6</size>
         <input_file_ref idref="fl-e1"/>
      </object_component>
      <object_component id="oc-18">
         <name>.text:decompress:rle24</name>
         <load_address>0x20ae</load_address>
         <run_address>0x20ae</run_address>
         <size>0x6</size>
         <input_file_ref idref="fl-cc"/>
      </object_component>
      <object_component id="oc-31a">
         <name>.text:vListInitialiseItem</name>
         <load_address>0x20b4</load_address>
         <run_address>0x20b4</run_address>
         <size>0x6</size>
         <input_file_ref idref="fl-8"/>
      </object_component>
      <object_component id="oc-7c">
         <name>.text</name>
         <load_address>0x20ba</load_address>
         <run_address>0x20ba</run_address>
         <size>0x4</size>
         <input_file_ref idref="fl-d3"/>
      </object_component>
      <object_component id="oc-2b0">
         <name>.const:g_ui32UARTBase</name>
         <load_address>0x20c0</load_address>
         <run_address>0x20c0</run_address>
         <size>0xc</size>
         <input_file_ref idref="fl-e"/>
      </object_component>
      <object_component id="oc-2ad">
         <name>.const:g_ui32UARTPeriph</name>
         <load_address>0x20cc</load_address>
         <run_address>0x20cc</run_address>
         <size>0xc</size>
         <input_file_ref idref="fl-e"/>
      </object_component>
      <object_component id="oc-9f">
         <name>.const</name>
         <load_address>0x20d8</load_address>
         <run_address>0x20d8</run_address>
         <size>0x4</size>
         <input_file_ref idref="fl-b"/>
      </object_component>
      <object_component id="oc-40f">
         <name>.cinit..data.load</name>
         <load_address>0x20e0</load_address>
         <run_address>0x20e0</run_address>
         <size>0x20</size>
      </object_component>
      <object_component id="oc-410">
         <name>.cinit..bss.load</name>
         <load_address>0x2100</load_address>
         <run_address>0x2100</run_address>
         <size>0xb</size>
      </object_component>
      <object_component id="oc-40d">
         <name>__TI_handler_table</name>
         <load_address>0x210c</load_address>
         <run_address>0x210c</run_address>
         <size>0x8</size>
      </object_component>
      <object_component id="oc-40e">
         <name>__TI_cinit_table</name>
         <load_address>0x2114</load_address>
         <run_address>0x2114</run_address>
         <size>0x10</size>
      </object_component>
      <object_component id="oc-9c">
         <name>.data</name>
         <load_address>0x200078fc</load_address>
         <run_address>0x200078fc</run_address>
         <size>0x30</size>
         <input_file_ref idref="fl-a"/>
      </object_component>
      <object_component id="oc-328">
         <name>.data</name>
         <load_address>0x20007950</load_address>
         <run_address>0x20007950</run_address>
         <size>0x4</size>
         <input_file_ref idref="fl-b"/>
      </object_component>
      <object_component id="oc-2da">
         <name>.data</name>
         <load_address>0x20007940</load_address>
         <run_address>0x20007940</run_address>
         <size>0x8</size>
         <input_file_ref idref="fl-d"/>
      </object_component>
      <object_component id="oc-2b3">
         <name>.data</name>
         <load_address>0x20007948</load_address>
         <run_address>0x20007948</run_address>
         <size>0x5</size>
         <input_file_ref idref="fl-e"/>
      </object_component>
      <object_component id="oc-e7">
         <name>.data:$O1$$</name>
         <load_address>0x2000792c</load_address>
         <run_address>0x2000792c</run_address>
         <size>0xc</size>
         <input_file_ref idref="fl-ce"/>
      </object_component>
      <object_component id="oc-94">
         <name>.data</name>
         <load_address>0x20007954</load_address>
         <run_address>0x20007954</run_address>
         <size>0x4</size>
         <input_file_ref idref="fl-d4"/>
      </object_component>
      <object_component id="oc-ea">
         <name>.data:$O1$$</name>
         <load_address>0x20007938</load_address>
         <run_address>0x20007938</run_address>
         <size>0x8</size>
         <input_file_ref idref="fl-d6"/>
      </object_component>
      <object_component id="oc-fd">
         <name>.bss:pxReadyTasksLists</name>
         <uninitialized>true</uninitialized>
         <run_address>0x20007530</run_address>
         <size>0x140</size>
         <input_file_ref idref="fl-a"/>
      </object_component>
      <object_component id="oc-32c">
         <name>.bss:xDelayedTaskList1</name>
         <uninitialized>true</uninitialized>
         <run_address>0x20007670</run_address>
         <size>0x14</size>
         <input_file_ref idref="fl-a"/>
      </object_component>
      <object_component id="oc-32f">
         <name>.bss:xDelayedTaskList2</name>
         <uninitialized>true</uninitialized>
         <run_address>0x20007684</run_address>
         <size>0x14</size>
         <input_file_ref idref="fl-a"/>
      </object_component>
      <object_component id="oc-119">
         <name>.bss</name>
         <uninitialized>true</uninitialized>
         <run_address>0x200076d4</run_address>
         <size>0x8</size>
         <input_file_ref idref="fl-a"/>
      </object_component>
      <object_component id="oc-332">
         <name>.bss:xPendingReadyList</name>
         <uninitialized>true</uninitialized>
         <run_address>0x20007698</run_address>
         <size>0x14</size>
         <input_file_ref idref="fl-a"/>
      </object_component>
      <object_component id="oc-335">
         <name>.bss:xTasksWaitingTermination</name>
         <uninitialized>true</uninitialized>
         <run_address>0x200076c0</run_address>
         <size>0x14</size>
         <input_file_ref idref="fl-a"/>
      </object_component>
      <object_component id="oc-338">
         <name>.bss:xSuspendedTaskList</name>
         <uninitialized>true</uninitialized>
         <run_address>0x200076ac</run_address>
         <size>0x14</size>
         <input_file_ref idref="fl-a"/>
      </object_component>
      <object_component id="oc-396">
         <name>.bss:ucHeap</name>
         <uninitialized>true</uninitialized>
         <run_address>0x20000000</run_address>
         <size>0x7530</size>
         <input_file_ref idref="fl-d"/>
      </object_component>
      <object_component id="oc-2dd">
         <name>.bss:xStart</name>
         <uninitialized>true</uninitialized>
         <run_address>0x200076e4</run_address>
         <size>0x8</size>
         <input_file_ref idref="fl-d"/>
      </object_component>
      <object_component id="oc-2e0">
         <name>.bss:xEnd</name>
         <uninitialized>true</uninitialized>
         <run_address>0x200076dc</run_address>
         <size>0x8</size>
         <input_file_ref idref="fl-d"/>
      </object_component>
      <object_component id="oc-15e">
         <name>.common:xFlashQueue</name>
         <uninitialized>true</uninitialized>
         <run_address>0x200076ec</run_address>
         <size>0x4</size>
      </object_component>
      <object_component id="oc-15f">
         <name>.common:xSerialQueue</name>
         <uninitialized>true</uninitialized>
         <run_address>0x200076f4</run_address>
         <size>0x4</size>
      </object_component>
      <object_component id="oc-15b">
         <name>.common:xUARTMutex</name>
         <uninitialized>true</uninitialized>
         <run_address>0x200076f8</run_address>
         <size>0x4</size>
      </object_component>
      <object_component id="oc-172">
         <name>.common:xSensorBSemaphore</name>
         <uninitialized>true</uninitialized>
         <run_address>0x200076f0</run_address>
         <size>0x4</size>
      </object_component>
      <object_component id="oc-2a">
         <name>.stack</name>
         <uninitialized>true</uninitialized>
         <run_address>0x200076fc</run_address>
         <size>0x0</size>
         <input_file_ref idref="fl-ca"/>
      </object_component>
      <object_component id="oc-411">
         <name>.stack</name>
         <uninitialized>true</uninitialized>
         <run_address>0x200076fc</run_address>
         <size>0x0</size>
      </object_component>
      <object_component id="oc-15c">
         <name>.debug_info</name>
         <load_address>0x0</load_address>
         <run_address>0x0</run_address>
         <size>0x814</size>
         <input_file_ref idref="fl-2"/>
      </object_component>
      <object_component id="oc-16d">
         <name>.debug_info</name>
         <load_address>0x814</load_address>
         <run_address>0x814</run_address>
         <size>0x399</size>
         <input_file_ref idref="fl-2"/>
      </object_component>
      <object_component id="oc-167">
         <name>.debug_info</name>
         <load_address>0xbad</load_address>
         <run_address>0xbad</run_address>
         <size>0x1f0</size>
         <input_file_ref idref="fl-2"/>
      </object_component>
      <object_component id="oc-161">
         <name>.debug_info</name>
         <load_address>0xd9d</load_address>
         <run_address>0xd9d</run_address>
         <size>0x1e5</size>
         <input_file_ref idref="fl-2"/>
      </object_component>
      <object_component id="oc-114">
         <name>.debug_info</name>
         <load_address>0xf82</load_address>
         <run_address>0xf82</run_address>
         <size>0x147</size>
         <input_file_ref idref="fl-2"/>
      </object_component>
      <object_component id="oc-34b">
         <name>.debug_info</name>
         <load_address>0x10c9</load_address>
         <run_address>0x10c9</run_address>
         <size>0x141</size>
         <input_file_ref idref="fl-2"/>
      </object_component>
      <object_component id="oc-132">
         <name>.debug_info</name>
         <load_address>0x120a</load_address>
         <run_address>0x120a</run_address>
         <size>0x182</size>
         <input_file_ref idref="fl-2"/>
      </object_component>
      <object_component id="oc-138">
         <name>.debug_info</name>
         <load_address>0x138c</load_address>
         <run_address>0x138c</run_address>
         <size>0x178</size>
         <input_file_ref idref="fl-2"/>
      </object_component>
      <object_component id="oc-e0">
         <name>.debug_info</name>
         <load_address>0x1504</load_address>
         <run_address>0x1504</run_address>
         <size>0x21d</size>
         <input_file_ref idref="fl-2"/>
      </object_component>
      <object_component id="oc-19a">
         <name>.debug_info</name>
         <load_address>0x1721</load_address>
         <run_address>0x1721</run_address>
         <size>0x2ef</size>
         <input_file_ref idref="fl-2"/>
      </object_component>
      <object_component id="oc-11d">
         <name>.debug_info</name>
         <load_address>0x1a10</load_address>
         <run_address>0x1a10</run_address>
         <size>0x8b</size>
         <input_file_ref idref="fl-2"/>
      </object_component>
      <object_component id="oc-202">
         <name>.debug_info</name>
         <load_address>0x1a9b</load_address>
         <run_address>0x1a9b</run_address>
         <size>0x46</size>
         <input_file_ref idref="fl-2"/>
      </object_component>
      <object_component id="oc-244">
         <name>.debug_info</name>
         <load_address>0x1ae1</load_address>
         <run_address>0x1ae1</run_address>
         <size>0x2c</size>
         <input_file_ref idref="fl-2"/>
      </object_component>
      <object_component id="oc-18b">
         <name>.debug_info</name>
         <load_address>0x1b0d</load_address>
         <run_address>0x1b0d</run_address>
         <size>0x2c</size>
         <input_file_ref idref="fl-2"/>
      </object_component>
      <object_component id="oc-b2">
         <name>.debug_info</name>
         <load_address>0x1b39</load_address>
         <run_address>0x1b39</run_address>
         <size>0x18b</size>
         <input_file_ref idref="fl-2"/>
      </object_component>
      <object_component id="oc-f5">
         <name>.debug_info</name>
         <load_address>0x1cc4</load_address>
         <run_address>0x1cc4</run_address>
         <size>0x53</size>
         <input_file_ref idref="fl-2"/>
      </object_component>
      <object_component id="oc-1ea">
         <name>.debug_info</name>
         <load_address>0x1d17</load_address>
         <run_address>0x1d17</run_address>
         <size>0x4e</size>
         <input_file_ref idref="fl-2"/>
      </object_component>
      <object_component id="oc-1a4">
         <name>.debug_info</name>
         <load_address>0x1d65</load_address>
         <run_address>0x1d65</run_address>
         <size>0x14c</size>
         <input_file_ref idref="fl-2"/>
      </object_component>
      <object_component id="oc-bf">
         <name>.debug_info</name>
         <load_address>0x1eb1</load_address>
         <run_address>0x1eb1</run_address>
         <size>0x84</size>
         <input_file_ref idref="fl-3"/>
      </object_component>
      <object_component id="oc-50">
         <name>.debug_info</name>
         <load_address>0x1f35</load_address>
         <run_address>0x1f35</run_address>
         <size>0x17b</size>
         <input_file_ref idref="fl-4"/>
      </object_component>
      <object_component id="oc-10">
         <name>.debug_info</name>
         <load_address>0x20b0</load_address>
         <run_address>0x20b0</run_address>
         <size>0xe6</size>
         <input_file_ref idref="fl-4"/>
      </object_component>
      <object_component id="oc-2c">
         <name>.debug_info</name>
         <load_address>0x2196</load_address>
         <run_address>0x2196</run_address>
         <size>0x116</size>
         <input_file_ref idref="fl-4"/>
      </object_component>
      <object_component id="oc-32">
         <name>.debug_info</name>
         <load_address>0x22ac</load_address>
         <run_address>0x22ac</run_address>
         <size>0x107</size>
         <input_file_ref idref="fl-4"/>
      </object_component>
      <object_component id="oc-3e">
         <name>.debug_info</name>
         <load_address>0x23b3</load_address>
         <run_address>0x23b3</run_address>
         <size>0x11f</size>
         <input_file_ref idref="fl-4"/>
      </object_component>
      <object_component id="oc-38">
         <name>.debug_info</name>
         <load_address>0x24d2</load_address>
         <run_address>0x24d2</run_address>
         <size>0x10d</size>
         <input_file_ref idref="fl-4"/>
      </object_component>
      <object_component id="oc-1af">
         <name>.debug_info</name>
         <load_address>0x25df</load_address>
         <run_address>0x25df</run_address>
         <size>0x158</size>
         <input_file_ref idref="fl-8"/>
      </object_component>
      <object_component id="oc-10e">
         <name>.debug_info</name>
         <load_address>0x2737</load_address>
         <run_address>0x2737</run_address>
         <size>0x233</size>
         <input_file_ref idref="fl-8"/>
      </object_component>
      <object_component id="oc-3b3">
         <name>.debug_info</name>
         <load_address>0x296a</load_address>
         <run_address>0x296a</run_address>
         <size>0x25e</size>
         <input_file_ref idref="fl-8"/>
      </object_component>
      <object_component id="oc-31b">
         <name>.debug_info</name>
         <load_address>0x2bc8</load_address>
         <run_address>0x2bc8</run_address>
         <size>0x1e0</size>
         <input_file_ref idref="fl-8"/>
      </object_component>
      <object_component id="oc-1f6">
         <name>.debug_info</name>
         <load_address>0x2da8</load_address>
         <run_address>0x2da8</run_address>
         <size>0x1d8</size>
         <input_file_ref idref="fl-8"/>
      </object_component>
      <object_component id="oc-108">
         <name>.debug_info</name>
         <load_address>0x2f80</load_address>
         <run_address>0x2f80</run_address>
         <size>0x20b</size>
         <input_file_ref idref="fl-8"/>
      </object_component>
      <object_component id="oc-190">
         <name>.debug_info</name>
         <load_address>0x318b</load_address>
         <run_address>0x318b</run_address>
         <size>0x110</size>
         <input_file_ref idref="fl-8"/>
      </object_component>
      <object_component id="oc-207">
         <name>.debug_info</name>
         <load_address>0x329b</load_address>
         <run_address>0x329b</run_address>
         <size>0x615</size>
         <input_file_ref idref="fl-9"/>
      </object_component>
      <object_component id="oc-2f3">
         <name>.debug_info</name>
         <load_address>0x38b0</load_address>
         <run_address>0x38b0</run_address>
         <size>0x2ad</size>
         <input_file_ref idref="fl-9"/>
      </object_component>
      <object_component id="oc-352">
         <name>.debug_info</name>
         <load_address>0x3b5d</load_address>
         <run_address>0x3b5d</run_address>
         <size>0x22d</size>
         <input_file_ref idref="fl-9"/>
      </object_component>
      <object_component id="oc-35e">
         <name>.debug_info</name>
         <load_address>0x3d8a</load_address>
         <run_address>0x3d8a</run_address>
         <size>0x22a</size>
         <input_file_ref idref="fl-9"/>
      </object_component>
      <object_component id="oc-24a">
         <name>.debug_info</name>
         <load_address>0x3fb4</load_address>
         <run_address>0x3fb4</run_address>
         <size>0x556</size>
         <input_file_ref idref="fl-9"/>
      </object_component>
      <object_component id="oc-2f9">
         <name>.debug_info</name>
         <load_address>0x450a</load_address>
         <run_address>0x450a</run_address>
         <size>0x22b</size>
         <input_file_ref idref="fl-9"/>
      </object_component>
      <object_component id="oc-305">
         <name>.debug_info</name>
         <load_address>0x4735</load_address>
         <run_address>0x4735</run_address>
         <size>0x293</size>
         <input_file_ref idref="fl-9"/>
      </object_component>
      <object_component id="oc-1fc">
         <name>.debug_info</name>
         <load_address>0x49c8</load_address>
         <run_address>0x49c8</run_address>
         <size>0x4c6</size>
         <input_file_ref idref="fl-9"/>
      </object_component>
      <object_component id="oc-1b2">
         <name>.debug_info</name>
         <load_address>0x4e8e</load_address>
         <run_address>0x4e8e</run_address>
         <size>0x2de</size>
         <input_file_ref idref="fl-9"/>
      </object_component>
      <object_component id="oc-20a">
         <name>.debug_info</name>
         <load_address>0x516c</load_address>
         <run_address>0x516c</run_address>
         <size>0x2b1</size>
         <input_file_ref idref="fl-9"/>
      </object_component>
      <object_component id="oc-14a">
         <name>.debug_info</name>
         <load_address>0x541d</load_address>
         <run_address>0x541d</run_address>
         <size>0x30f</size>
         <input_file_ref idref="fl-9"/>
      </object_component>
      <object_component id="oc-144">
         <name>.debug_info</name>
         <load_address>0x572c</load_address>
         <run_address>0x572c</run_address>
         <size>0x26e</size>
         <input_file_ref idref="fl-9"/>
      </object_component>
      <object_component id="oc-30d">
         <name>.debug_info</name>
         <load_address>0x599a</load_address>
         <run_address>0x599a</run_address>
         <size>0x1cd</size>
         <input_file_ref idref="fl-9"/>
      </object_component>
      <object_component id="oc-f4">
         <name>.debug_info</name>
         <load_address>0x5b67</load_address>
         <run_address>0x5b67</run_address>
         <size>0x5f6</size>
         <input_file_ref idref="fl-a"/>
      </object_component>
      <object_component id="oc-9d">
         <name>.debug_info</name>
         <load_address>0x615d</load_address>
         <run_address>0x615d</run_address>
         <size>0x322</size>
         <input_file_ref idref="fl-a"/>
      </object_component>
      <object_component id="oc-fe">
         <name>.debug_info</name>
         <load_address>0x647f</load_address>
         <run_address>0x647f</run_address>
         <size>0x11e</size>
         <input_file_ref idref="fl-a"/>
      </object_component>
      <object_component id="oc-32d">
         <name>.debug_info</name>
         <load_address>0x659d</load_address>
         <run_address>0x659d</run_address>
         <size>0x11e</size>
         <input_file_ref idref="fl-a"/>
      </object_component>
      <object_component id="oc-330">
         <name>.debug_info</name>
         <load_address>0x66bb</load_address>
         <run_address>0x66bb</run_address>
         <size>0x11e</size>
         <input_file_ref idref="fl-a"/>
      </object_component>
      <object_component id="oc-11a">
         <name>.debug_info</name>
         <load_address>0x67d9</load_address>
         <run_address>0x67d9</run_address>
         <size>0x160</size>
         <input_file_ref idref="fl-a"/>
      </object_component>
      <object_component id="oc-333">
         <name>.debug_info</name>
         <load_address>0x6939</load_address>
         <run_address>0x6939</run_address>
         <size>0x11e</size>
         <input_file_ref idref="fl-a"/>
      </object_component>
      <object_component id="oc-336">
         <name>.debug_info</name>
         <load_address>0x6a57</load_address>
         <run_address>0x6a57</run_address>
         <size>0x12c</size>
         <input_file_ref idref="fl-a"/>
      </object_component>
      <object_component id="oc-339">
         <name>.debug_info</name>
         <load_address>0x6b83</load_address>
         <run_address>0x6b83</run_address>
         <size>0x120</size>
         <input_file_ref idref="fl-a"/>
      </object_component>
      <object_component id="oc-102">
         <name>.debug_info</name>
         <load_address>0x6ca3</load_address>
         <run_address>0x6ca3</run_address>
         <size>0x1de</size>
         <input_file_ref idref="fl-a"/>
      </object_component>
      <object_component id="oc-aa">
         <name>.debug_info</name>
         <load_address>0x6e81</load_address>
         <run_address>0x6e81</run_address>
         <size>0x2c9</size>
         <input_file_ref idref="fl-a"/>
      </object_component>
      <object_component id="oc-2d5">
         <name>.debug_info</name>
         <load_address>0x714a</load_address>
         <run_address>0x714a</run_address>
         <size>0x276</size>
         <input_file_ref idref="fl-a"/>
      </object_component>
      <object_component id="oc-294">
         <name>.debug_info</name>
         <load_address>0x73c0</load_address>
         <run_address>0x73c0</run_address>
         <size>0x27f</size>
         <input_file_ref idref="fl-a"/>
      </object_component>
      <object_component id="oc-3c0">
         <name>.debug_info</name>
         <load_address>0x763f</load_address>
         <run_address>0x763f</run_address>
         <size>0x260</size>
         <input_file_ref idref="fl-a"/>
      </object_component>
      <object_component id="oc-3b9">
         <name>.debug_info</name>
         <load_address>0x789f</load_address>
         <run_address>0x789f</run_address>
         <size>0x239</size>
         <input_file_ref idref="fl-a"/>
      </object_component>
      <object_component id="oc-211">
         <name>.debug_info</name>
         <load_address>0x7ad8</load_address>
         <run_address>0x7ad8</run_address>
         <size>0x2c4</size>
         <input_file_ref idref="fl-a"/>
      </object_component>
      <object_component id="oc-217">
         <name>.debug_info</name>
         <load_address>0x7d9c</load_address>
         <run_address>0x7d9c</run_address>
         <size>0x2c0</size>
         <input_file_ref idref="fl-a"/>
      </object_component>
      <object_component id="oc-229">
         <name>.debug_info</name>
         <load_address>0x805c</load_address>
         <run_address>0x805c</run_address>
         <size>0x245</size>
         <input_file_ref idref="fl-a"/>
      </object_component>
      <object_component id="oc-150">
         <name>.debug_info</name>
         <load_address>0x82a1</load_address>
         <run_address>0x82a1</run_address>
         <size>0x47c</size>
         <input_file_ref idref="fl-a"/>
      </object_component>
      <object_component id="oc-2e7">
         <name>.debug_info</name>
         <load_address>0x871d</load_address>
         <run_address>0x871d</run_address>
         <size>0x1f4</size>
         <input_file_ref idref="fl-a"/>
      </object_component>
      <object_component id="oc-2ed">
         <name>.debug_info</name>
         <load_address>0x8911</load_address>
         <run_address>0x8911</run_address>
         <size>0x2c8</size>
         <input_file_ref idref="fl-a"/>
      </object_component>
      <object_component id="oc-a3">
         <name>.debug_info</name>
         <load_address>0x8bd9</load_address>
         <run_address>0x8bd9</run_address>
         <size>0x202</size>
         <input_file_ref idref="fl-a"/>
      </object_component>
      <object_component id="oc-2c9">
         <name>.debug_info</name>
         <load_address>0x8ddb</load_address>
         <run_address>0x8ddb</run_address>
         <size>0x1b4</size>
         <input_file_ref idref="fl-a"/>
      </object_component>
      <object_component id="oc-156">
         <name>.debug_info</name>
         <load_address>0x8f8f</load_address>
         <run_address>0x8f8f</run_address>
         <size>0x1ef</size>
         <input_file_ref idref="fl-a"/>
      </object_component>
      <object_component id="oc-358">
         <name>.debug_info</name>
         <load_address>0x917e</load_address>
         <run_address>0x917e</run_address>
         <size>0x245</size>
         <input_file_ref idref="fl-a"/>
      </object_component>
      <object_component id="oc-2ff">
         <name>.debug_info</name>
         <load_address>0x93c3</load_address>
         <run_address>0x93c3</run_address>
         <size>0x2a5</size>
         <input_file_ref idref="fl-a"/>
      </object_component>
      <object_component id="oc-3ab">
         <name>.debug_info</name>
         <load_address>0x9668</load_address>
         <run_address>0x9668</run_address>
         <size>0x1b6</size>
         <input_file_ref idref="fl-a"/>
      </object_component>
      <object_component id="oc-364">
         <name>.debug_info</name>
         <load_address>0x981e</load_address>
         <run_address>0x981e</run_address>
         <size>0x1d4</size>
         <input_file_ref idref="fl-a"/>
      </object_component>
      <object_component id="oc-3d7">
         <name>.debug_info</name>
         <load_address>0x99f2</load_address>
         <run_address>0x99f2</run_address>
         <size>0x1f3</size>
         <input_file_ref idref="fl-a"/>
      </object_component>
      <object_component id="oc-345">
         <name>.debug_info</name>
         <load_address>0x9be5</load_address>
         <run_address>0x9be5</run_address>
         <size>0x289</size>
         <input_file_ref idref="fl-a"/>
      </object_component>
      <object_component id="oc-23c">
         <name>.debug_info</name>
         <load_address>0x9e6e</load_address>
         <run_address>0x9e6e</run_address>
         <size>0x207</size>
         <input_file_ref idref="fl-a"/>
      </object_component>
      <object_component id="oc-195">
         <name>.debug_info</name>
         <load_address>0xa075</load_address>
         <run_address>0xa075</run_address>
         <size>0x169</size>
         <input_file_ref idref="fl-a"/>
      </object_component>
      <object_component id="oc-19f">
         <name>.debug_info</name>
         <load_address>0xa1de</load_address>
         <run_address>0xa1de</run_address>
         <size>0x46</size>
         <input_file_ref idref="fl-a"/>
      </object_component>
      <object_component id="oc-fc">
         <name>.debug_info</name>
         <load_address>0xa224</load_address>
         <run_address>0xa224</run_address>
         <size>0x238</size>
         <input_file_ref idref="fl-b"/>
      </object_component>
      <object_component id="oc-a0">
         <name>.debug_info</name>
         <load_address>0xa45c</load_address>
         <run_address>0xa45c</run_address>
         <size>0x14c</size>
         <input_file_ref idref="fl-b"/>
      </object_component>
      <object_component id="oc-329">
         <name>.debug_info</name>
         <load_address>0xa5a8</load_address>
         <run_address>0xa5a8</run_address>
         <size>0x133</size>
         <input_file_ref idref="fl-b"/>
      </object_component>
      <object_component id="oc-49">
         <name>.debug_info</name>
         <load_address>0xa6db</load_address>
         <run_address>0xa6db</run_address>
         <size>0x214</size>
         <input_file_ref idref="fl-b"/>
      </object_component>
      <object_component id="oc-33e">
         <name>.debug_info</name>
         <load_address>0xa8ef</load_address>
         <run_address>0xa8ef</run_address>
         <size>0x205</size>
         <input_file_ref idref="fl-b"/>
      </object_component>
      <object_component id="oc-236">
         <name>.debug_info</name>
         <load_address>0xaaf4</load_address>
         <run_address>0xaaf4</run_address>
         <size>0x24d</size>
         <input_file_ref idref="fl-b"/>
      </object_component>
      <object_component id="oc-22f">
         <name>.debug_info</name>
         <load_address>0xad41</load_address>
         <run_address>0xad41</run_address>
         <size>0x1f7</size>
         <input_file_ref idref="fl-b"/>
      </object_component>
      <object_component id="oc-223">
         <name>.debug_info</name>
         <load_address>0xaf38</load_address>
         <run_address>0xaf38</run_address>
         <size>0x1f9</size>
         <input_file_ref idref="fl-b"/>
      </object_component>
      <object_component id="oc-21d">
         <name>.debug_info</name>
         <load_address>0xb131</load_address>
         <run_address>0xb131</run_address>
         <size>0x2ae</size>
         <input_file_ref idref="fl-b"/>
      </object_component>
      <object_component id="oc-322">
         <name>.debug_info</name>
         <load_address>0xb3df</load_address>
         <run_address>0xb3df</run_address>
         <size>0x1e7</size>
         <input_file_ref idref="fl-b"/>
      </object_component>
      <object_component id="oc-44">
         <name>.debug_info</name>
         <load_address>0xb5c6</load_address>
         <run_address>0xb5c6</run_address>
         <size>0x284</size>
         <input_file_ref idref="fl-c"/>
      </object_component>
      <object_component id="oc-2e4">
         <name>.debug_info</name>
         <load_address>0xb84a</load_address>
         <run_address>0xb84a</run_address>
         <size>0x206</size>
         <input_file_ref idref="fl-d"/>
      </object_component>
      <object_component id="oc-397">
         <name>.debug_info</name>
         <load_address>0xba50</load_address>
         <run_address>0xba50</run_address>
         <size>0x11a</size>
         <input_file_ref idref="fl-d"/>
      </object_component>
      <object_component id="oc-2de">
         <name>.debug_info</name>
         <load_address>0xbb6a</load_address>
         <run_address>0xbb6a</run_address>
         <size>0x11a</size>
         <input_file_ref idref="fl-d"/>
      </object_component>
      <object_component id="oc-2e1">
         <name>.debug_info</name>
         <load_address>0xbc84</load_address>
         <run_address>0xbc84</run_address>
         <size>0x116</size>
         <input_file_ref idref="fl-d"/>
      </object_component>
      <object_component id="oc-2db">
         <name>.debug_info</name>
         <load_address>0xbd9a</load_address>
         <run_address>0xbd9a</run_address>
         <size>0x134</size>
         <input_file_ref idref="fl-d"/>
      </object_component>
      <object_component id="oc-314">
         <name>.debug_info</name>
         <load_address>0xbece</load_address>
         <run_address>0xbece</run_address>
         <size>0x27f</size>
         <input_file_ref idref="fl-d"/>
      </object_component>
      <object_component id="oc-2cf">
         <name>.debug_info</name>
         <load_address>0xc14d</load_address>
         <run_address>0xc14d</run_address>
         <size>0x1e1</size>
         <input_file_ref idref="fl-d"/>
      </object_component>
      <object_component id="oc-1f0">
         <name>.debug_info</name>
         <load_address>0xc32e</load_address>
         <run_address>0xc32e</run_address>
         <size>0x353</size>
         <input_file_ref idref="fl-d"/>
      </object_component>
      <object_component id="oc-39f">
         <name>.debug_info</name>
         <load_address>0xc681</load_address>
         <run_address>0xc681</run_address>
         <size>0x62</size>
         <input_file_ref idref="fl-d"/>
      </object_component>
      <object_component id="oc-1e9">
         <name>.debug_info</name>
         <load_address>0xc6e3</load_address>
         <run_address>0xc6e3</run_address>
         <size>0x117</size>
         <input_file_ref idref="fl-e"/>
      </object_component>
      <object_component id="oc-2b4">
         <name>.debug_info</name>
         <load_address>0xc7fa</load_address>
         <run_address>0xc7fa</run_address>
         <size>0xfe</size>
         <input_file_ref idref="fl-e"/>
      </object_component>
      <object_component id="oc-2b1">
         <name>.debug_info</name>
         <load_address>0xc8f8</load_address>
         <run_address>0xc8f8</run_address>
         <size>0x106</size>
         <input_file_ref idref="fl-e"/>
      </object_component>
      <object_component id="oc-2ae">
         <name>.debug_info</name>
         <load_address>0xc9fe</load_address>
         <run_address>0xc9fe</run_address>
         <size>0x10a</size>
         <input_file_ref idref="fl-e"/>
      </object_component>
      <object_component id="oc-2bb">
         <name>.debug_info</name>
         <load_address>0xcb08</load_address>
         <run_address>0xcb08</run_address>
         <size>0x1e9</size>
         <input_file_ref idref="fl-e"/>
      </object_component>
      <object_component id="oc-1e3">
         <name>.debug_info</name>
         <load_address>0xccf1</load_address>
         <run_address>0xccf1</run_address>
         <size>0x31b</size>
         <input_file_ref idref="fl-e"/>
      </object_component>
      <object_component id="oc-13e">
         <name>.debug_info</name>
         <load_address>0xd00c</load_address>
         <run_address>0xd00c</run_address>
         <size>0x1b6</size>
         <input_file_ref idref="fl-e"/>
      </object_component>
      <object_component id="oc-2b6">
         <name>.debug_info</name>
         <load_address>0xd1c2</load_address>
         <run_address>0xd1c2</run_address>
         <size>0x234</size>
         <input_file_ref idref="fl-e"/>
      </object_component>
      <object_component id="oc-1dc">
         <name>.debug_info</name>
         <load_address>0xd3f6</load_address>
         <run_address>0xd3f6</run_address>
         <size>0x24c</size>
         <input_file_ref idref="fl-e"/>
      </object_component>
      <object_component id="oc-25">
         <name>.debug_info</name>
         <load_address>0xd642</load_address>
         <run_address>0xd642</run_address>
         <size>0x161</size>
         <input_file_ref idref="fl-ca"/>
      </object_component>
      <object_component id="oc-5c">
         <name>.debug_info</name>
         <load_address>0xd7a3</load_address>
         <run_address>0xd7a3</run_address>
         <size>0x141</size>
         <input_file_ref idref="fl-cb"/>
      </object_component>
      <object_component id="oc-13">
         <name>.debug_info</name>
         <load_address>0xd8e4</load_address>
         <run_address>0xd8e4</run_address>
         <size>0x1e0</size>
         <input_file_ref idref="fl-cb"/>
      </object_component>
      <object_component id="oc-57">
         <name>.debug_info</name>
         <load_address>0xdac4</load_address>
         <run_address>0xdac4</run_address>
         <size>0x46</size>
         <input_file_ref idref="fl-cb"/>
      </object_component>
      <object_component id="oc-b8">
         <name>.debug_info</name>
         <load_address>0xdb0a</load_address>
         <run_address>0xdb0a</run_address>
         <size>0x2c</size>
         <input_file_ref idref="fl-cb"/>
      </object_component>
      <object_component id="oc-64">
         <name>.debug_info</name>
         <load_address>0xdb36</load_address>
         <run_address>0xdb36</run_address>
         <size>0x135</size>
         <input_file_ref idref="fl-cc"/>
      </object_component>
      <object_component id="oc-5e">
         <name>.debug_info</name>
         <load_address>0xdc6b</load_address>
         <run_address>0xdc6b</run_address>
         <size>0x248</size>
         <input_file_ref idref="fl-cc"/>
      </object_component>
      <object_component id="oc-19">
         <name>.debug_info</name>
         <load_address>0xdeb3</load_address>
         <run_address>0xdeb3</run_address>
         <size>0x1b2</size>
         <input_file_ref idref="fl-cc"/>
      </object_component>
      <object_component id="oc-65">
         <name>.debug_info</name>
         <load_address>0xe065</load_address>
         <run_address>0xe065</run_address>
         <size>0x39</size>
         <input_file_ref idref="fl-cc"/>
      </object_component>
      <object_component id="oc-c7">
         <name>.debug_info</name>
         <load_address>0xe09e</load_address>
         <run_address>0xe09e</run_address>
         <size>0x2c</size>
         <input_file_ref idref="fl-cc"/>
      </object_component>
      <object_component id="oc-ee">
         <name>.debug_info</name>
         <load_address>0xe0ca</load_address>
         <run_address>0xe0ca</run_address>
         <size>0x235</size>
         <input_file_ref idref="fl-ce"/>
      </object_component>
      <object_component id="oc-e8">
         <name>.debug_info</name>
         <load_address>0xe2ff</load_address>
         <run_address>0xe2ff</run_address>
         <size>0x186</size>
         <input_file_ref idref="fl-ce"/>
      </object_component>
      <object_component id="oc-8f">
         <name>.debug_info</name>
         <load_address>0xe485</load_address>
         <run_address>0xe485</run_address>
         <size>0x215</size>
         <input_file_ref idref="fl-ce"/>
      </object_component>
      <object_component id="oc-52">
         <name>.debug_info</name>
         <load_address>0xe69a</load_address>
         <run_address>0xe69a</run_address>
         <size>0x112</size>
         <input_file_ref idref="fl-d0"/>
      </object_component>
      <object_component id="oc-6b">
         <name>.debug_info</name>
         <load_address>0xe7ac</load_address>
         <run_address>0xe7ac</run_address>
         <size>0x140</size>
         <input_file_ref idref="fl-d1"/>
      </object_component>
      <object_component id="oc-77">
         <name>.debug_info</name>
         <load_address>0xe8ec</load_address>
         <run_address>0xe8ec</run_address>
         <size>0x139</size>
         <input_file_ref idref="fl-d2"/>
      </object_component>
      <object_component id="oc-7d">
         <name>.debug_info</name>
         <load_address>0xea25</load_address>
         <run_address>0xea25</run_address>
         <size>0x149</size>
         <input_file_ref idref="fl-d3"/>
      </object_component>
      <object_component id="oc-95">
         <name>.debug_info</name>
         <load_address>0xeb6e</load_address>
         <run_address>0xeb6e</run_address>
         <size>0x10a</size>
         <input_file_ref idref="fl-d4"/>
      </object_component>
      <object_component id="oc-2c1">
         <name>.debug_info</name>
         <load_address>0xec78</load_address>
         <run_address>0xec78</run_address>
         <size>0x13b</size>
         <input_file_ref idref="fl-d5"/>
      </object_component>
      <object_component id="oc-185">
         <name>.debug_info</name>
         <load_address>0xedb3</load_address>
         <run_address>0xedb3</run_address>
         <size>0x125</size>
         <input_file_ref idref="fl-d6"/>
      </object_component>
      <object_component id="oc-eb">
         <name>.debug_info</name>
         <load_address>0xeed8</load_address>
         <run_address>0xeed8</run_address>
         <size>0x114</size>
         <input_file_ref idref="fl-d6"/>
      </object_component>
      <object_component id="oc-17e">
         <name>.debug_info</name>
         <load_address>0xefec</load_address>
         <run_address>0xefec</run_address>
         <size>0x220</size>
         <input_file_ref idref="fl-d6"/>
      </object_component>
      <object_component id="oc-e6">
         <name>.debug_info</name>
         <load_address>0xf20c</load_address>
         <run_address>0xf20c</run_address>
         <size>0x167</size>
         <input_file_ref idref="fl-d7"/>
      </object_component>
      <object_component id="oc-89">
         <name>.debug_info</name>
         <load_address>0xf373</load_address>
         <run_address>0xf373</run_address>
         <size>0x168</size>
         <input_file_ref idref="fl-d7"/>
      </object_component>
      <object_component id="oc-176">
         <name>.debug_info</name>
         <load_address>0xf4db</load_address>
         <run_address>0xf4db</run_address>
         <size>0x5e</size>
         <input_file_ref idref="fl-d7"/>
      </object_component>
      <object_component id="oc-de">
         <name>.debug_info</name>
         <load_address>0xf539</load_address>
         <run_address>0xf539</run_address>
         <size>0x2ea</size>
         <input_file_ref idref="fl-d8"/>
      </object_component>
      <object_component id="oc-83">
         <name>.debug_info</name>
         <load_address>0xf823</load_address>
         <run_address>0xf823</run_address>
         <size>0x191</size>
         <input_file_ref idref="fl-d8"/>
      </object_component>
      <object_component id="oc-127">
         <name>.debug_info</name>
         <load_address>0xf9b4</load_address>
         <run_address>0xf9b4</run_address>
         <size>0x39</size>
         <input_file_ref idref="fl-d8"/>
      </object_component>
      <object_component id="oc-12c">
         <name>.debug_info</name>
         <load_address>0xf9ed</load_address>
         <run_address>0xf9ed</run_address>
         <size>0xcd</size>
         <input_file_ref idref="fl-d8"/>
      </object_component>
      <object_component id="oc-123">
         <name>.debug_info</name>
         <load_address>0xfaba</load_address>
         <run_address>0xfaba</run_address>
         <size>0x1e1</size>
         <input_file_ref idref="fl-d9"/>
      </object_component>
      <object_component id="oc-d2">
         <name>.debug_info</name>
         <load_address>0xfc9b</load_address>
         <run_address>0xfc9b</run_address>
         <size>0x184</size>
         <input_file_ref idref="fl-d9"/>
      </object_component>
      <object_component id="oc-1bc">
         <name>.debug_info</name>
         <load_address>0xfe1f</load_address>
         <run_address>0xfe1f</run_address>
         <size>0x2c</size>
         <input_file_ref idref="fl-d9"/>
      </object_component>
      <object_component id="oc-390">
         <name>.debug_info</name>
         <load_address>0xfe4b</load_address>
         <run_address>0xfe4b</run_address>
         <size>0x148</size>
         <input_file_ref idref="fl-da"/>
      </object_component>
      <object_component id="oc-d8">
         <name>.debug_info</name>
         <load_address>0xff93</load_address>
         <run_address>0xff93</run_address>
         <size>0x146</size>
         <input_file_ref idref="fl-db"/>
      </object_component>
      <object_component id="oc-36e">
         <name>.debug_info</name>
         <load_address>0x100d9</load_address>
         <run_address>0x100d9</run_address>
         <size>0x24d</size>
         <input_file_ref idref="fl-dc"/>
      </object_component>
      <object_component id="oc-26a">
         <name>.debug_info</name>
         <load_address>0x10326</load_address>
         <run_address>0x10326</run_address>
         <size>0x333</size>
         <input_file_ref idref="fl-dc"/>
      </object_component>
      <object_component id="oc-270">
         <name>.debug_info</name>
         <load_address>0x10659</load_address>
         <run_address>0x10659</run_address>
         <size>0x2a0</size>
         <input_file_ref idref="fl-dc"/>
      </object_component>
      <object_component id="oc-288">
         <name>.debug_info</name>
         <load_address>0x108f9</load_address>
         <run_address>0x108f9</run_address>
         <size>0x2ff</size>
         <input_file_ref idref="fl-dc"/>
      </object_component>
      <object_component id="oc-264">
         <name>.debug_info</name>
         <load_address>0x10bf8</load_address>
         <run_address>0x10bf8</run_address>
         <size>0x326</size>
         <input_file_ref idref="fl-dc"/>
      </object_component>
      <object_component id="oc-27c">
         <name>.debug_info</name>
         <load_address>0x10f1e</load_address>
         <run_address>0x10f1e</run_address>
         <size>0x2a4</size>
         <input_file_ref idref="fl-dc"/>
      </object_component>
      <object_component id="oc-282">
         <name>.debug_info</name>
         <load_address>0x111c2</load_address>
         <run_address>0x111c2</run_address>
         <size>0x2e7</size>
         <input_file_ref idref="fl-dc"/>
      </object_component>
      <object_component id="oc-276">
         <name>.debug_info</name>
         <load_address>0x114a9</load_address>
         <run_address>0x114a9</run_address>
         <size>0x294</size>
         <input_file_ref idref="fl-dc"/>
      </object_component>
      <object_component id="oc-25e">
         <name>.debug_info</name>
         <load_address>0x1173d</load_address>
         <run_address>0x1173d</run_address>
[...]
            <load_size>0xb</load_size>
            <run_address>0x20000000</run_address>
            <run_size>0x76fc</run_size>
            <compression>rle</compression>
         </cprec>
      </cptbl>
   </cptbl_list>
   <handler_table>
      <handler_table_name>__TI_handler_table</handler_table_name>
      <handler>
         <index>0x0</index>
         <name>__TI_decompress_rle24</name>
      </handler>
      <handler>
         <index>0x1</index>
         <name>__TI_decompress_none</name>
      </handler>
   </handler_table>
   <symbol_table>
      <symbol id="sm-1">
         <name>__STACK_TOP</name>
         <value>0x200078fc</value>
      </symbol>
      <symbol id="sm-2">
         <name>__TI_CINIT_Base</name>
         <value>0x2114</value>
      </symbol>
      <symbol id="sm-3">
         <name>__TI_CINIT_Limit</name>
         <value>0x2124</value>
      </symbol>
      <symbol id="sm-4">
         <name>__TI_Handler_Table_Base</name>
         <value>0x210c</value>
      </symbol>
      <symbol id="sm-5">
         <name>__TI_Handler_Table_Limit</name>
         <value>0x2114</value>
      </symbol>
      <symbol id="sm-6">
         <name>binit</name>
         <value>0xffffffff</value>
      </symbol>
      <symbol id="sm-7">
         <name>__binit__</name>
         <value>0xffffffff</value>
      </symbol>
      <symbol id="sm-8">
         <name>__STACK_SIZE</name>
         <value>0x200</value>
      </symbol>
      <symbol id="sm-9">
         <name>__STACK_END</name>
         <value>0x200078fc</value>
      </symbol>
      <symbol id="sm-a">
         <name>__c_args__</name>
         <value>0xffffffff</value>
      </symbol>
      <symbol id="sm-b">
         <name>__TI_pprof_out_hndl</name>
         <value>0xffffffff</value>
      </symbol>
      <symbol id="sm-c">
         <name>__TI_prof_data_start</name>
         <value>0xffffffff</value>
      </symbol>
      <symbol id="sm-d">
         <name>__TI_prof_data_size</name>
         <value>0xffffffff</value>
      </symbol>
      <symbol id="sm-d2">
         <name>xFlashQueue</name>
         <value>0x200076ec</value>
      </symbol>
      <symbol id="sm-d3">
         <name>xSerialQueue</name>
         <value>0x200076f4</value>
      </symbol>
      <symbol id="sm-d4">
         <name>xUARTMutex</name>
         <value>0x200076f8</value>
      </symbol>
      <symbol id="sm-d5">
         <name>xSensorBSemaphore</name>
         <value>0x200076f0</value>
      </symbol>
      <symbol id="sm-d6">
         <name>vApplicationIdleHook</name>
         <value>0x1fdd</value>
         <object_component_ref idref="oc-34a"/>
      </symbol>
      <symbol id="sm-d7">
         <name>vTemperatureTask</name>
         <value>0x459</value>
         <object_component_ref idref="oc-16c"/>
      </symbol>
      <symbol id="sm-d8">
         <name>main</name>
         <value>0x801</value>
         <object_component_ref idref="oc-df"/>
      </symbol>
      <symbol id="sm-d9">
         <name>ConfigureUART</name>
         <value>0x149d</value>
         <object_component_ref idref="oc-137"/>
      </symbol>
      <symbol id="sm-da">
         <name>vSerialTask</name>
         <value>0xdc5</value>
         <object_component_ref idref="oc-166"/>
      </symbol>
      <symbol id="sm-db">
         <name>vApplicationTickHook</name>
         <value>0x2029</value>
         <object_component_ref idref="oc-113"/>
      </symbol>
      <symbol id="sm-dc">
         <name>vFlashTask</name>
         <value>0x1059</value>
         <object_component_ref idref="oc-160"/>
      </symbol>
      <symbol id="sm-dd">
         <name>ConfigureLED</name>
         <value>0x1cd1</value>
         <object_component_ref idref="oc-131"/>
      </symbol>
      <symbol id="sm-114">
         <name>ResetISR</name>
         <value>0x209d</value>
         <object_component_ref idref="oc-2b"/>
      </symbol>
      <symbol id="sm-115">
         <name>g_pfnVectors</name>
         <value>0x0</value>
         <object_component_ref idref="oc-f"/>
      </symbol>
      <symbol id="sm-14d">
         <name>uxListRemove</name>
         <value>0x1e5f</value>
         <object_component_ref idref="oc-107"/>
      </symbol>
      <symbol id="sm-14e">
         <name>vListInsert</name>
         <value>0x1c63</value>
         <object_component_ref idref="oc-3b2"/>
      </symbol>
      <symbol id="sm-14f">
         <name>vListInitialiseItem</name>
         <value>0x20b5</value>
         <object_component_ref idref="oc-31a"/>
      </symbol>
      <symbol id="sm-150">
         <name>vListInsertEnd</name>
         <value>0x1f69</value>
         <object_component_ref idref="oc-10d"/>
      </symbol>
      <symbol id="sm-151">
         <name>vListInitialise</name>
         <value>0x1fb1</value>
         <object_component_ref idref="oc-1f5"/>
      </symbol>
      <symbol id="sm-1ee">
         <name>xQueueGenericCreate</name>
         <value>0x1bed</value>
         <object_component_ref idref="oc-149"/>
      </symbol>
      <symbol id="sm-1ef">
         <name>xQueueCreateMutex</name>
         <value>0x1a95</value>
         <object_component_ref idref="oc-143"/>
      </symbol>
      <symbol id="sm-1f0">
         <name>xQueueGenericSend</name>
         <value>0xb25</value>
         <object_component_ref idref="oc-1fb"/>
      </symbol>
      <symbol id="sm-1f1">
         <name>xQueueGenericReset</name>
         <value>0x10e5</value>
         <object_component_ref idref="oc-209"/>
      </symbol>
      <symbol id="sm-1f2">
         <name>xQueueGiveFromISR</name>
         <value>0x1805</value>
         <object_component_ref idref="oc-1b1"/>
      </symbol>
      <symbol id="sm-1f3">
         <name>xQueueGenericReceive</name>
         <value>0x6e5</value>
         <object_component_ref idref="oc-249"/>
      </symbol>
      <symbol id="sm-399">
         <name>vTaskSuspendAll</name>
         <value>0x2039</value>
         <object_component_ref idref="oc-2c8"/>
      </symbol>
      <symbol id="sm-39a">
         <name>vTaskPriorityInherit</name>
         <value>0xfc5</value>
         <object_component_ref idref="oc-357"/>
      </symbol>
      <symbol id="sm-39b">
         <name>vTaskPlaceOnEventList</name>
         <value>0x156d</value>
         <object_component_ref idref="oc-2fe"/>
      </symbol>
      <symbol id="sm-39c">
         <name>xTaskCheckForTimeOut</name>
         <value>0x1959</value>
         <object_component_ref idref="oc-2ec"/>
      </symbol>
      <symbol id="sm-39d">
         <name>xTaskPriorityDisinherit</name>
         <value>0x1169</value>
         <object_component_ref idref="oc-3bf"/>
      </symbol>
      <symbol id="sm-39e">
         <name>vTaskStartScheduler</name>
         <value>0x16f5</value>
         <object_component_ref idref="oc-155"/>
      </symbol>
      <symbol id="sm-39f">
         <name>pvTaskIncrementMutexHeldCount</name>
         <value>0x1f39</value>
         <object_component_ref idref="oc-363"/>
      </symbol>
      <symbol id="sm-3a0">
         <name>vTaskMissedYield</name>
         <value>0x2081</value>
         <object_component_ref idref="oc-3aa"/>
      </symbol>
      <symbol id="sm-3a1">
         <name>xTaskResumeAll</name>
         <value>0xc0d</value>
         <object_component_ref idref="oc-2d4"/>
      </symbol>
      <symbol id="sm-3a2">
         <name>xTaskGenericCreate</name>
         <value>0xa21</value>
         <object_component_ref idref="oc-14f"/>
      </symbol>
      <symbol id="sm-3a3">
         <name>pxCurrentTCB</name>
         <value>0x200078fc</value>
         <object_component_ref idref="oc-9c"/>
      </symbol>
      <symbol id="sm-3a4">
         <name>vTaskSetTimeOutState</name>
         <value>0x1f99</value>
         <object_component_ref idref="oc-2e6"/>
      </symbol>
      <symbol id="sm-3a5">
         <name>xTaskIncrementTick</name>
         <value>0x915</value>
         <object_component_ref idref="oc-a9"/>
      </symbol>
      <symbol id="sm-3a6">
         <name>vTaskSwitchContext</name>
         <value>0x17ad</value>
         <object_component_ref idref="oc-a2"/>
      </symbol>
      <symbol id="sm-3a7">
         <name>xTaskRemoveFromEventList</name>
         <value>0x12d9</value>
         <object_component_ref idref="oc-293"/>
      </symbol>
      <symbol id="sm-402">
         <name>ulMaxSyscallInterruptPriority</name>
         <value>0x20d8</value>
         <object_component_ref idref="oc-9f"/>
      </symbol>
      <symbol id="sm-403">
         <name>vPortSetupTimerInterrupt</name>
         <value>0x1ff1</value>
         <object_component_ref idref="oc-33d"/>
      </symbol>
      <symbol id="sm-404">
         <name>xPortSysTickHandler</name>
         <value>0x1d91</value>
         <object_component_ref idref="oc-48"/>
      </symbol>
      <symbol id="sm-405">
         <name>pxPortInitialiseStack</name>
         <value>0x1e11</value>
         <object_component_ref idref="oc-21c"/>
      </symbol>
      <symbol id="sm-406">
         <name>vPortExitCritical</name>
         <value>0x1f81</value>
         <object_component_ref idref="oc-22e"/>
      </symbol>
      <symbol id="sm-407">
         <name>xPortStartScheduler</name>
         <value>0x1bad</value>
         <object_component_ref idref="oc-235"/>
      </symbol>
      <symbol id="sm-408">
         <name>vPortEnterCritical</name>
         <value>0x1eb9</value>
         <object_component_ref idref="oc-222"/>
      </symbol>
      <symbol id="sm-417">
         <name>vPortStartFirstTask</name>
         <value>0xd99</value>
         <object_component_ref idref="oc-43"/>
      </symbol>
      <symbol id="sm-418">
         <name>ulPortGetIPSR</name>
         <value>0xd01</value>
         <object_component_ref idref="oc-43"/>
      </symbol>
      <symbol id="sm-419">
         <name>vPortEnableVFP</name>
         <value>0xdb5</value>
         <object_component_ref idref="oc-43"/>
      </symbol>
      <symbol id="sm-41a">
         <name>xPortPendSVHandler</name>
         <value>0xd19</value>
         <object_component_ref idref="oc-43"/>
      </symbol>
      <symbol id="sm-41b">
         <name>vPortSVCHandler</name>
         <value>0xd79</value>
         <object_component_ref idref="oc-43"/>
      </symbol>
      <symbol id="sm-470">
         <name>pvPortMalloc</name>
         <value>0xe7d</value>
         <object_component_ref idref="oc-1ef"/>
      </symbol>
      <symbol id="sm-471">
         <name>vPortFree</name>
         <value>0x1b29</value>
         <object_component_ref idref="oc-313"/>
      </symbol>
      <symbol id="sm-4df">
         <name>UARTStdioConfig</name>
         <value>0x1635</value>
         <object_component_ref idref="oc-1db"/>
      </symbol>
      <symbol id="sm-4e0">
         <name>UARTwrite</name>
         <value>0x1ae1</value>
         <object_component_ref idref="oc-2ba"/>
      </symbol>
      <symbol id="sm-4e1">
         <name>UARTprintf</name>
         <value>0x1ed5</value>
         <object_component_ref idref="oc-13d"/>
      </symbol>
      <symbol id="sm-4e2">
         <name>UARTvprintf</name>
         <value>0x26d</value>
         <object_component_ref idref="oc-1e2"/>
      </symbol>
      <symbol id="sm-4f4">
         <name>_c_int00</name>
         <value>0x18b1</value>
         <object_component_ref idref="oc-24"/>
      </symbol>
      <symbol id="sm-4f5">
         <name>__stack</name>
         <value>0x200076fc</value>
         <object_component_ref idref="oc-2a"/>
      </symbol>
      <symbol id="sm-50c">
         <name>__TI_decompress_none</name>
         <value>0x2065</value>
         <object_component_ref idref="oc-12"/>
      </symbol>
      <symbol id="sm-534">
         <name>__TI_decompress_rle24</name>
         <value>0x20af</value>
         <object_component_ref idref="oc-18"/>
      </symbol>
      <symbol id="sm-556">
         <name>C$$EXIT</name>
         <value>0x1905</value>
         <object_component_ref idref="oc-8e"/>
      </symbol>
      <symbol id="sm-557">
         <name>abort</name>
         <value>0x1909</value>
         <object_component_ref idref="oc-8e"/>
      </symbol>
      <symbol id="sm-558">
         <name>exit</name>
         <value>0x1911</value>
         <object_component_ref idref="oc-8e"/>
      </symbol>
      <symbol id="sm-559">
         <name>__TI_dtors_ptr</name>
         <value>0x20007930</value>
         <object_component_ref idref="oc-e7"/>
      </symbol>
      <symbol id="sm-55a">
         <name>__TI_cleanup_ptr</name>
         <value>0x2000792c</value>
         <object_component_ref idref="oc-e7"/>
      </symbol>
      <symbol id="sm-55b">
         <name>__TI_enable_exit_profile_output</name>
         <value>0x20007934</value>
         <object_component_ref idref="oc-e7"/>
      </symbol>
      <symbol id="sm-577">
         <name>memcpy</name>
         <value>0xf29</value>
         <object_component_ref idref="oc-51"/>
      </symbol>
      <symbol id="sm-578">
         <name>__aeabi_memcpy</name>
         <value>0xf29</value>
         <object_component_ref idref="oc-51"/>
      </symbol>
      <symbol id="sm-579">
         <name>__aeabi_memcpy8</name>
         <value>0xf29</value>
         <object_component_ref idref="oc-51"/>
      </symbol>
      <symbol id="sm-57a">
         <name>__aeabi_memcpy4</name>
         <value>0xf29</value>
         <object_component_ref idref="oc-51"/>
      </symbol>
      <symbol id="sm-589">
         <name>__aeabi_memset</name>
         <value>0x1261</value>
         <object_component_ref idref="oc-6a"/>
      </symbol>
      <symbol id="sm-58a">
         <name>memset</name>
         <value>0x1267</value>
         <object_component_ref idref="oc-6a"/>
      </symbol>
      <symbol id="sm-58b">
         <name>__aeabi_memset8</name>
         <value>0x1261</value>
         <object_component_ref idref="oc-6a"/>
      </symbol>
      <symbol id="sm-58c">
         <name>__aeabi_memset4</name>
         <value>0x1261</value>
         <object_component_ref idref="oc-6a"/>
      </symbol>
      <symbol id="sm-58d">
         <name>__aeabi_memclr8</name>
         <value>0x125f</value>
         <object_component_ref idref="oc-6a"/>
      </symbol>
      <symbol id="sm-58e">
         <name>__aeabi_memclr4</name>
         <value>0x125f</value>
         <object_component_ref idref="oc-6a"/>
      </symbol>
      <symbol id="sm-58f">
         <name>__aeabi_memclr</name>
         <value>0x125f</value>
         <object_component_ref idref="oc-6a"/>
      </symbol>
      <symbol id="sm-599">
         <name>__mpu_init</name>
         <value>0x149b</value>
         <object_component_ref idref="oc-76"/>
      </symbol>
      <symbol id="sm-5a3">
         <name>_system_pre_init</name>
         <value>0x20bb</value>
         <object_component_ref idref="oc-7c"/>
      </symbol>
      <symbol id="sm-5ab">
         <name>main_func_sp</name>
         <value>0x20007954</value>
         <object_component_ref idref="oc-94"/>
      </symbol>
      <symbol id="sm-5ba">
         <name>__aeabi_uidivmod</name>
         <value>0x1b6d</value>
         <object_component_ref idref="oc-2c0"/>
      </symbol>
      <symbol id="sm-5bb">
         <name>__aeabi_uidiv</name>
         <value>0x1b6d</value>
         <object_component_ref idref="oc-2c0"/>
      </symbol>
      <symbol id="sm-5d4">
         <name>_nop</name>
         <value>0x1fd7</value>
         <object_component_ref idref="oc-17d"/>
      </symbol>
      <symbol id="sm-5d5">
         <name>_lock</name>
         <value>0x20007938</value>
         <object_component_ref idref="oc-ea"/>
      </symbol>
      <symbol id="sm-5d6">
         <name>_unlock</name>
         <value>0x2000793c</value>
         <object_component_ref idref="oc-ea"/>
      </symbol>
      <symbol id="sm-5d7">
         <name>_register_lock</name>
         <value>0x1fcf</value>
         <object_component_ref idref="oc-17d"/>
      </symbol>
      <symbol id="sm-5d8">
         <name>_register_unlock</name>
         <value>0x1fc9</value>
         <object_component_ref idref="oc-17d"/>
      </symbol>
      <symbol id="sm-5ec">
         <name>_args_main</name>
         <value>0x1f51</value>
         <object_component_ref idref="oc-88"/>
      </symbol>
      <symbol id="sm-611">
         <name>__TI_auto_init</name>
         <value>0x13c1</value>
         <object_component_ref idref="oc-82"/>
      </symbol>
      <symbol id="sm-62b">
         <name>copy_in</name>
         <value>0x1a49</value>
         <object_component_ref idref="oc-d1"/>
      </symbol>
      <symbol id="sm-635">
         <name>__aeabi_idiv0</name>
         <value>0x13bf</value>
         <object_component_ref idref="oc-38e"/>
      </symbol>
      <symbol id="sm-63f">
         <name>_system_post_cinit</name>
         <value>0x1633</value>
         <object_component_ref idref="oc-d7"/>
      </symbol>
      <symbol id="sm-68f">
         <name>ADCProcessorTrigger</name>
         <value>0x1f09</value>
         <object_component_ref idref="oc-27b"/>
      </symbol>
      <symbol id="sm-690">
         <name>ADCSequenceEnable</name>
         <value>0x2057</value>
         <object_component_ref idref="oc-26f"/>
      </symbol>
      <symbol id="sm-691">
         <name>ADCSequenceConfigure</name>
         <value>0x19ad</value>
         <object_component_ref idref="oc-263"/>
      </symbol>
      <symbol id="sm-692">
         <name>ADCSequenceStepConfigure</name>
         <value>0x11e5</value>
         <object_component_ref idref="oc-269"/>
      </symbol>
      <symbol id="sm-693">
         <name>ADCIntClear</name>
         <value>0x208d</value>
         <object_component_ref idref="oc-275"/>
      </symbol>
      <symbol id="sm-694">
         <name>ADCHardwareOversampleConfigure</name>
         <value>0x2049</value>
         <object_component_ref idref="oc-25d"/>
      </symbol>
      <symbol id="sm-695">
         <name>ADCIntStatus</name>
         <value>0x1d61</value>
         <object_component_ref idref="oc-281"/>
      </symbol>
      <symbol id="sm-696">
         <name>ADCSequenceDataGet</name>
         <value>0x1e7f</value>
         <object_component_ref idref="oc-287"/>
      </symbol>
      <symbol id="sm-6b9">
         <name>FlashErase</name>
         <value>0x1d01</value>
         <object_component_ref idref="oc-24f"/>
      </symbol>
      <symbol id="sm-6ba">
         <name>FlashProgram</name>
         <value>0x1505</value>
         <object_component_ref idref="oc-255"/>
      </symbol>
      <symbol id="sm-6e1">
         <name>GPIOPinTypeGPIOOutput</name>
         <value>0x1f21</value>
         <object_component_ref idref="oc-1c7"/>
      </symbol>
      <symbol id="sm-6e2">
         <name>GPIODirModeSet</name>
         <value>0x1dbd</value>
         <object_component_ref idref="oc-2a2"/>
      </symbol>
      <symbol id="sm-6e3">
         <name>GPIOPinWrite</name>
         <value>0x2097</value>
         <object_component_ref idref="oc-1cd"/>
      </symbol>
      <symbol id="sm-6e4">
         <name>GPIOPadConfigSet</name>
         <value>0x5b1</value>
         <object_component_ref idref="oc-29c"/>
      </symbol>
      <symbol id="sm-6fb">
         <name>SysCtlDelay</name>
         <value>0x20a3</value>
         <object_component_ref idref="oc-1d3"/>
      </symbol>
      <symbol id="sm-6fc">
         <name>SysCtlPeripheralEnable</name>
         <value>0x1c9d</value>
         <object_component_ref idref="oc-1c1"/>
      </symbol>
      <symbol id="sm-709">
         <name>UARTClockSourceSet</name>
         <value>0x20a9</value>
         <object_component_ref idref="oc-1d5"/>
      </symbol>
      <symbol id="sm-70b">
         <name>__TI_static_base__</name>
         <value>0x0</value>
      </symbol>
      <symbol id="sm-70e">
         <name>SHT$$INIT_ARRAY$$Limit</name>
         <value>0x0</value>
      </symbol>
      <symbol id="sm-70f">
         <name>SHT$$INIT_ARRAY$$Base</name>
         <value>0x0</value>
      </symbol>
   </symbol_table>
   <title>Link successful</title>
</link_info>
