******************************************************************************
                  TI ARM Linker PC v20.2.5                     
******************************************************************************
>> Linked Mon Jun  6 22:31:11 2022

OUTPUT FILE NAME:   <projeto-so.out>
ENTRY POINT SYMBOL: "_c_int00_noargs"  address: 00001be1


MEMORY CONFIGURATION

         name            origin    length      used     unused   attr    fill
----------------------  --------  ---------  --------  --------  ----  --------
  FLASH                 00000000   00040000  00002038  0003dfc8  R  X
  SRAM                  20000000   00008000  00007940  000006c0  RW X


SEGMENT ALLOCATION MAP

run origin  load origin   length   init length attrs members
----------  ----------- ---------- ----------- ----- -------
00000000    00000000    00002038   00002038    r-x
  00000000    00000000    0000026c   0000026c    r-- .intvecs
  0000026c    0000026c    00001d78   00001d78    r-x .text
  00001fe4    00001fe4    0000001c   0000001c    r-- .const
  00002000    00002000    00000038   00000038    r-- .cinit
20000000    20000000    00007944   00000000    rw-
  20000000    20000000    000076fc   00000000    rw- .bss
  20007700    20007700    00000200   00000000    rw- .stack
  20007900    20007900    00000044   00000000    rw- .data


SECTION ALLOCATION MAP

 output                                  attributes/
section   page    origin      length       input sections
--------  ----  ----------  ----------   ----------------
.intvecs   0    00000000    0000026c     
                  00000000    0000026c     startup_ccs.obj (.intvecs)

.text      0    0000026c    00001d78     
                  0000026c    000001ee     uartstdio.obj (.text:UARTvprintf)
                  0000045a    00000002     startup_ccs.obj (.text:FaultISR)
                  0000045c    0000016c     driverlib.lib : gpio.obj (.text:GPIOPadConfigSet)
                  000005c8    00000158     freertos_demo.obj (.text:vTemperatureTask)
                  00000720    00000118     queue.obj (.text:xQueueGenericReceive)
                  00000838    00000114     freertos_demo.obj (.text:main)
                  0000094c    0000010c     tasks.obj (.text:xTaskIncrementTick)
                  00000a58    00000100     tasks.obj (.text:xTaskGenericCreate)
                  00000b58    000000e8     queue.obj (.text:xQueueGenericSend)
                  00000c40    000000e4     tasks.obj (.text:xTaskResumeAll)
                  00000d24    000000d2     portasm.obj (.text)
                  00000df6    00000002     startup_ccs.obj (.text:IntDefaultHandler)
                  00000df8    000000b8     freertos_demo.obj (.text:vSerialTask)
                  00000eb0    000000ac     heap_2.obj (.text:pvPortMalloc)
                  00000f5c    0000009c     rtsv7M4_T_le_v4SPD16_eabi.lib : memcpy_t2.asm.obj (.text)
                  00000ff8    00000090     tasks.obj (.text:vTaskPriorityInherit)
                  00001088    0000008c     freertos_demo.obj (.text:vFlashTask)
                  00001114    00000084     queue.obj (.text:xQueueGenericReset)
                  00001198    0000007a     driverlib.lib : adc.obj (.text:ADCSequenceStepConfigure)
                  00001212    0000007a     rtsv7M4_T_le_v4SPD16_eabi.lib : memset_t2.asm.obj (.text)
                  0000128c    00000078     tasks.obj (.text:xTaskPriorityDisinherit)
                  00001304    00000074     tasks.obj (.text:xTaskRemoveFromEventList)
                  00001378    00000072     queue.obj (.text:prvCopyDataToQueue)
                  000013ea    00000002     startup_ccs.obj (.text:NmiSR)
                  000013ec    00000068     freertos_demo.obj (.text:ConfigureUART)
                  00001454    00000068     driverlib.lib : flash.obj (.text:FlashProgram)
                  000014bc    00000068     rtsv7M4_T_le_v4SPD16_eabi.lib : copy_decompress_lzss.c.obj (.text:decompress:lzss:__TI_decompress_lzss)
                  00001524    00000064     tasks.obj (.text:vTaskPlaceOnEventList)
                  00001588    00000062     queue.obj (.text:prvUnlockQueue)
                  000015ea    00000002     rtsv7M4_T_le_v4SPD16_eabi.lib : div0.asm.obj (.text)
                  000015ec    00000060     uartstdio.obj (.text:UARTStdioConfig)
                  0000164c    00000060     tasks.obj (.text:prvInitialiseTaskLists)
                  000016ac    00000060     tasks.obj (.text:vTaskStartScheduler)
                  0000170c    00000058     tasks.obj (.text:prvCheckTasksWaitingTermination)
                  00001764    00000058     tasks.obj (.text:vTaskSwitchContext)
                  000017bc    00000056     tasks.obj (.text:prvInitialiseTCBVariables)
                  00001812    00000056     queue.obj (.text:xQueueGiveFromISR)
                  00001868    00000054     tasks.obj (.text:xTaskCheckForTimeOut)
                  000018bc    00000050     uartstdio.obj (.text:UARTwrite)
                  0000190c    0000004e     driverlib.lib : adc.obj (.text:ADCSequenceConfigure)
                  0000195a    0000004e     queue.obj (.text:xQueueCreateMutex)
                  000019a8    0000004c     tasks.obj (.text:prvAddCurrentTaskToDelayedList)
                  000019f4    00000044     rtsv7M4_T_le_v4SPD16_eabi.lib : autoinit.c.obj (.text:__TI_auto_init_nobinit_nopinit:__TI_auto_init_nobinit_nopinit)
                  00001a38    00000044     heap_2.obj (.text:vPortFree)
                  00001a7c    00000040     rtsv7M4_T_le_v4SPD16_eabi.lib : u_divt2.asm.obj (.text)
                  00001abc    00000040     port.obj (.text:xPortStartScheduler)
                  00001afc    0000003c     queue.obj (.text:xQueueGenericCreate)
                  00001b38    0000003a     tasks.obj (.text:prvAllocateTCBAndStack)
                  00001b72    00000038     list.obj (.text:vListInsert)
                  00001baa    00000002     --HOLE-- [fill = 0]
                  00001bac    00000034     driverlib.lib : sysctl.obj (.text:SysCtlPeripheralEnable)
                  00001be0    00000034     rtsv7M4_T_le_v4SPD16_eabi.lib : boot_cortex_m.c.obj (.text:_c_int00_noargs:_c_int00_noargs)
                  00001c14    00000030     freertos_demo.obj (.text:ConfigureLED)
                  00001c44    00000030     driverlib.lib : flash.obj (.text:FlashErase)
                  00001c74    00000030     heap_2.obj (.text:prvHeapInit)
                  00001ca4    0000002e     driverlib.lib : adc.obj (.text:ADCIntStatus)
                  00001cd2    0000002c                   : gpio.obj (.text:GPIODirModeSet)
                  00001cfe    00000002     --HOLE-- [fill = 0]
                  00001d00    0000002c     port.obj (.text:xPortSysTickHandler)
                  00001d2c    00000028     tasks.obj (.text:prvResetNextTaskUnblockTime)
                  00001d54    00000028     port.obj (.text:pxPortInitialiseStack)
                  00001d7c    00000026     queue.obj (.text:prvCopyDataFromQueue)
                  00001da2    00000020     list.obj (.text:uxListRemove)
                  00001dc2    0000001e     driverlib.lib : adc.obj (.text:ADCSequenceDataGet)
                  00001de0    0000001c     queue.obj (.text:prvIsQueueFull)
                  00001dfc    0000001c     port.obj (.text:vPortEnterCritical)
                  00001e18    0000001a     driverlib.lib : gpio.obj (.text:GPIOPinTypeGPIOOutput)
                  00001e32    0000001a     uartstdio.obj (.text:UARTprintf)
                  00001e4c    0000001a     queue.obj (.text:prvIsQueueEmpty)
                  00001e66    00000018     driverlib.lib : adc.obj (.text:ADCProcessorTrigger)
                  00001e7e    00000002     --HOLE-- [fill = 0]
                  00001e80    00000018     tasks.obj (.text:pvTaskIncrementMutexHeldCount)
                  00001e98    00000018     list.obj (.text:vListInsertEnd)
                  00001eb0    00000018     port.obj (.text:vPortExitCritical)
                  00001ec8    00000018     tasks.obj (.text:vTaskSetTimeOutState)
                  00001ee0    00000016     list.obj (.text:vListInitialise)
                  00001ef6    00000002     --HOLE-- [fill = 0]
                  00001ef8    00000014     freertos_demo.obj (.text:vApplicationIdleHook)
                  00001f0c    00000014     port.obj (.text:vPortSetupTimerInterrupt)
                  00001f20    00000012     tasks.obj (.text:prvDeleteTCB)
                  00001f32    00000010     port.obj (.text:prvTaskExitError)
                  00001f42    00000002     --HOLE-- [fill = 0]
                  00001f44    00000010     freertos_demo.obj (.text:vApplicationTickHook)
                  00001f54    00000010     tasks.obj (.text:vTaskSuspendAll)
                  00001f64    0000000e     driverlib.lib : adc.obj (.text:ADCHardwareOversampleConfigure)
                  00001f72    0000000e                   : adc.obj (.text:ADCSequenceEnable)
                  00001f80    0000000e     rtsv7M4_T_le_v4SPD16_eabi.lib : copy_decompress_none.c.obj (.text:decompress:none:__TI_decompress_none)
                  00001f8e    0000000c                                   : copy_zero_init.c.obj (.text:decompress:ZI:__TI_zero_init)
                  00001f9a    0000000c     tasks.obj (.text:prvIdleTask)
                  00001fa6    00000002     --HOLE-- [fill = 0]
                  00001fa8    0000000c     tasks.obj (.text:vTaskMissedYield)
                  00001fb4    0000000a     driverlib.lib : adc.obj (.text:ADCIntClear)
                  00001fbe    00000006                   : gpio.obj (.text:GPIOPinWrite)
                  00001fc4    00000006     startup_ccs.obj (.text:ResetISR)
                  00001fca    00000006     driverlib.lib : sysctl.obj (.text:SysCtlDelay)
                  00001fd0    00000006                   : uart.obj (.text:UARTClockSourceSet)
                  00001fd6    00000006     list.obj (.text:vListInitialiseItem)
                  00001fdc    00000004     rtsv7M4_T_le_v4SPD16_eabi.lib : pre_init.c.obj (.text:_system_pre_init)
                  00001fe0    00000004                                   : exit.c.obj (.text:abort:abort)

.const     0    00001fe4    0000001c     
                  00001fe4    0000000c     uartstdio.obj (.const:g_ui32UARTBase)
                  00001ff0    0000000c     uartstdio.obj (.const:g_ui32UARTPeriph)
                  00001ffc    00000004     port.obj (.const)

.cinit     0    00002000    00000038     
                  00002000    0000000f     (.cinit..data.load) [load image, compression = lzss]
                  0000200f    00000001     --HOLE-- [fill = 0]
                  00002010    0000000c     (__TI_handler_table)
                  0000201c    00000004     --HOLE-- [fill = 0]
                  00002020    00000008     (.cinit..bss.load) [load image, compression = zero_init]
                  00002028    00000010     (__TI_cinit_table)

.init_array 
*          0    00000000    00000000     UNINITIALIZED

.bss       0    20000000    000076fc     UNINITIALIZED
                  20000000    00007530     heap_2.obj (.bss:ucHeap)
                  20007530    00000140     tasks.obj (.bss:pxReadyTasksLists)
                  20007670    00000014     tasks.obj (.bss:xDelayedTaskList1)
                  20007684    00000014     tasks.obj (.bss:xDelayedTaskList2)
                  20007698    00000014     tasks.obj (.bss:xPendingReadyList)
                  200076ac    00000014     tasks.obj (.bss:xSuspendedTaskList)
                  200076c0    00000014     tasks.obj (.bss:xTasksWaitingTermination)
                  200076d4    00000008     tasks.obj (.bss)
                  200076dc    00000008     heap_2.obj (.bss:xEnd)
                  200076e4    00000008     heap_2.obj (.bss:xStart)
                  200076ec    00000004     (.common:xFlashQueue)
                  200076f0    00000004     (.common:xSensorBSemaphore)
                  200076f4    00000004     (.common:xSerialQueue)
                  200076f8    00000004     (.common:xUARTMutex)

.data      0    20007900    00000044     UNINITIALIZED
                  20007900    00000030     tasks.obj (.data)
                  20007930    00000008     heap_2.obj (.data)
                  20007938    00000005     uartstdio.obj (.data)
                  2000793d    00000003     --HOLE--
                  20007940    00000004     port.obj (.data)

.stack     0    20007700    00000200     UNINITIALIZED
                  20007700    00000004     rtsv7M4_T_le_v4SPD16_eabi.lib : boot_cortex_m.c.obj (.stack)
                  20007704    000001fc     --HOLE--

__llvm_prf_cnts 
*          0    20000000    00000000     UNINITIALIZED

MODULE SUMMARY

       Module                       code   ro data   rw data
       ------                       ----   -------   -------
    .\
       freertos_demo.obj            1132   0         16     
       startup_ccs.obj              12     620       0      
    +--+----------------------------+------+---------+---------+
       Total:                       1144   620       16     
                                                            
    .\third_party\FreeRTOS\Source\
       tasks.obj                    2050   0         476    
       queue.obj                    1172   0         0      
       list.obj                     140    0         0      
    +--+----------------------------+------+---------+---------+
       Total:                       3362   0         476    
                                                            
    .\third_party\FreeRTOS\Source\portable\CCS\ARM_CM4F\
       port.obj                     236    4         4      
       portasm.obj                  210    0         0      
    +--+----------------------------+------+---------+---------+
       Total:                       446    4         4      
                                                            
    .\third_party\FreeRTOS\Source\portable\MemMang\
       heap_2.obj                   288    0         30024  
    +--+----------------------------+------+---------+---------+
       Total:                       288    0         30024  
                                                            
    .\utils\
       uartstdio.obj                696    24        5      
    +--+----------------------------+------+---------+---------+
       Total:                       696    24        5      
                                                            
    C:/ti/TivaWare_C_Series-2.2.0.295/driverlib/ccs/Debug/driverlib.lib
       gpio.obj                     440    0         0      
       adc.obj                      338    0         0      
       flash.obj                    152    0         0      
       sysctl.obj                   58     0         0      
       uart.obj                     6      0         0      
    +--+----------------------------+------+---------+---------+
       Total:                       994    0         0      
                                                            
    C:\ti\ccs1120\ccs\tools\compiler\ti-cgt-arm_20.2.5.LTS\lib\rtsv7M4_T_le_v4SPD16_eabi.lib
       memcpy_t2.asm.obj            156    0         0      
       memset_t2.asm.obj            122    0         0      
       copy_decompress_lzss.c.obj   104    0         0      
       autoinit.c.obj               68     0         0      
       u_divt2.asm.obj              64     0         0      
       boot_cortex_m.c.obj          52     0         0      
       copy_decompress_none.c.obj   14     0         0      
       copy_zero_init.c.obj         12     0         0      
       exit.c.obj                   4      0         0      
       pre_init.c.obj               4      0         0      
       div0.asm.obj                 2      0         0      
    +--+----------------------------+------+---------+---------+
       Total:                       602    0         0      
                                                            
       Stack:                       0      0         512    
       Linker Generated:            0      51        0      
    +--+----------------------------+------+---------+---------+
       Grand Total:                 7532   699       31037  


LINKER GENERATED COPY TABLES

__TI_cinit_table @ 00002028 records: 2, size/record: 8, table size: 16
	.data: load addr=00002000, load size=0000000f bytes, run addr=20007900, run size=00000044 bytes, compression=lzss
	.bss: load addr=00002020, load size=00000008 bytes, run addr=20000000, run size=000076fc bytes, compression=zero_init


LINKER GENERATED HANDLER TABLE

__TI_handler_table @ 00002010 records: 3, size/record: 4, table size: 12
	index: 0, handler: __TI_decompress_lzss
	index: 1, handler: __TI_decompress_none
	index: 2, handler: __TI_zero_init


GLOBAL SYMBOLS: SORTED ALPHABETICALLY BY Name 

address   name                          
-------   ----                          
00001f65  ADCHardwareOversampleConfigure
00001fb5  ADCIntClear                   
00001ca5  ADCIntStatus                  
00001e67  ADCProcessorTrigger           
0000190d  ADCSequenceConfigure          
00001dc3  ADCSequenceDataGet            
00001f73  ADCSequenceEnable             
00001199  ADCSequenceStepConfigure      
00001fe1  C$$EXIT                       
00001c15  ConfigureLED                  
000013ed  ConfigureUART                 
00001c45  FlashErase                    
00001455  FlashProgram                  
00001cd3  GPIODirModeSet                
0000045d  GPIOPadConfigSet              
00001e19  GPIOPinTypeGPIOOutput         
00001fbf  GPIOPinWrite                  
00001fc5  ResetISR                      
00001fcb  SysCtlDelay                   
00001bad  SysCtlPeripheralEnable        
00001fd1  UARTClockSourceSet            
000015ed  UARTStdioConfig               
00001e33  UARTprintf                    
0000026d  UARTvprintf                   
000018bd  UARTwrite                     
20007900  __STACK_END                   
00000200  __STACK_SIZE                  
20007900  __STACK_TOP                   
00002028  __TI_CINIT_Base               
00002038  __TI_CINIT_Limit              
00002010  __TI_Handler_Table_Base       
0000201c  __TI_Handler_Table_Limit      
000019f5  __TI_auto_init_nobinit_nopinit
000014bd  __TI_decompress_lzss          
00001f81  __TI_decompress_none          
ffffffff  __TI_pprof_out_hndl           
ffffffff  __TI_prof_data_size           
ffffffff  __TI_prof_data_start          
00000000  __TI_static_base__            
00001f8f  __TI_zero_init                
000015eb  __aeabi_idiv0                 
000015eb  __aeabi_ldiv0                 
00001213  __aeabi_memclr                
00001213  __aeabi_memclr4               
00001213  __aeabi_memclr8               
00000f5d  __aeabi_memcpy                
00000f5d  __aeabi_memcpy4               
00000f5d  __aeabi_memcpy8               
00001215  __aeabi_memset                
00001215  __aeabi_memset4               
00001215  __aeabi_memset8               
00001a7d  __aeabi_uidiv                 
00001a7d  __aeabi_uidivmod              
ffffffff  __binit__                     
ffffffff  __c_args__                    
UNDEFED   __mpu_init                    
20007700  __stack                       
20000000  __start___llvm_prf_cnts       
20000000  __stop___llvm_prf_cnts        
00001be1  _c_int00_noargs               
UNDEFED   _system_post_cinit            
00001fdd  _system_pre_init              
00001fe1  abort                         
ffffffff  binit                         
00000000  g_pfnVectors                  
00000839  main                          
00000f5d  memcpy                        
0000121b  memset                        
00000eb1  pvPortMalloc                  
00001e81  pvTaskIncrementMutexHeldCount 
20007900  pxCurrentTCB                  
00001d55  pxPortInitialiseStack         
00001ffc  ulMaxSyscallInterruptPriority 
00000d35  ulPortGetIPSR                 
00001da3  uxListRemove                  
00001ef9  vApplicationIdleHook          
00001f45  vApplicationTickHook          
00001089  vFlashTask                    
00001ee1  vListInitialise               
00001fd7  vListInitialiseItem           
00001b73  vListInsert                   
00001e99  vListInsertEnd                
00000de9  vPortEnableVFP                
00001dfd  vPortEnterCritical            
00001eb1  vPortExitCritical             
00001a39  vPortFree                     
00000dad  vPortSVCHandler               
00001f0d  vPortSetupTimerInterrupt      
00000dcd  vPortStartFirstTask           
00000df9  vSerialTask                   
00001fa9  vTaskMissedYield              
00001525  vTaskPlaceOnEventList         
00000ff9  vTaskPriorityInherit          
00001ec9  vTaskSetTimeOutState          
000016ad  vTaskStartScheduler           
00001f55  vTaskSuspendAll               
00001765  vTaskSwitchContext            
000005c9  vTemperatureTask              
200076ec  xFlashQueue                   
00000d4d  xPortPendSVHandler            
00001abd  xPortStartScheduler           
00001d01  xPortSysTickHandler           
0000195b  xQueueCreateMutex             
00001afd  xQueueGenericCreate           
00000721  xQueueGenericReceive          
00001115  xQueueGenericReset            
00000b59  xQueueGenericSend             
00001813  xQueueGiveFromISR             
200076f0  xSensorBSemaphore             
200076f4  xSerialQueue                  
00001869  xTaskCheckForTimeOut          
00000a59  xTaskGenericCreate            
0000094d  xTaskIncrementTick            
0000128d  xTaskPriorityDisinherit       
00001305  xTaskRemoveFromEventList      
00000c41  xTaskResumeAll                
200076f8  xUARTMutex                    


GLOBAL SYMBOLS: SORTED BY Symbol Address 

address   name                          
-------   ----                          
00000000  __TI_static_base__            
00000000  g_pfnVectors                  
00000200  __STACK_SIZE                  
0000026d  UARTvprintf                   
0000045d  GPIOPadConfigSet              
000005c9  vTemperatureTask              
00000721  xQueueGenericReceive          
00000839  main                          
0000094d  xTaskIncrementTick            
00000a59  xTaskGenericCreate            
00000b59  xQueueGenericSend             
00000c41  xTaskResumeAll                
00000d35  ulPortGetIPSR                 
00000d4d  xPortPendSVHandler            
00000dad  vPortSVCHandler               
00000dcd  vPortStartFirstTask           
00000de9  vPortEnableVFP                
00000df9  vSerialTask                   
00000eb1  pvPortMalloc                  
00000f5d  __aeabi_memcpy                
00000f5d  __aeabi_memcpy4               
00000f5d  __aeabi_memcpy8               
00000f5d  memcpy                        
00000ff9  vTaskPriorityInherit          
00001089  vFlashTask                    
00001115  xQueueGenericReset            
00001199  ADCSequenceStepConfigure      
00001213  __aeabi_memclr                
00001213  __aeabi_memclr4               
00001213  __aeabi_memclr8               
00001215  __aeabi_memset                
00001215  __aeabi_memset4               
00001215  __aeabi_memset8               
0000121b  memset                        
0000128d  xTaskPriorityDisinherit       
00001305  xTaskRemoveFromEventList      
000013ed  ConfigureUART                 
00001455  FlashProgram                  
000014bd  __TI_decompress_lzss          
00001525  vTaskPlaceOnEventList         
000015eb  __aeabi_idiv0                 
000015eb  __aeabi_ldiv0                 
000015ed  UARTStdioConfig               
000016ad  vTaskStartScheduler           
00001765  vTaskSwitchContext            
00001813  xQueueGiveFromISR             
00001869  xTaskCheckForTimeOut          
000018bd  UARTwrite                     
0000190d  ADCSequenceConfigure          
0000195b  xQueueCreateMutex             
000019f5  __TI_auto_init_nobinit_nopinit
00001a39  vPortFree                     
00001a7d  __aeabi_uidiv                 
00001a7d  __aeabi_uidivmod              
00001abd  xPortStartScheduler           
00001afd  xQueueGenericCreate           
00001b73  vListInsert                   
00001bad  SysCtlPeripheralEnable        
00001be1  _c_int00_noargs               
00001c15  ConfigureLED                  
00001c45  FlashErase                    
00001ca5  ADCIntStatus                  
00001cd3  GPIODirModeSet                
00001d01  xPortSysTickHandler           
00001d55  pxPortInitialiseStack         
00001da3  uxListRemove                  
00001dc3  ADCSequenceDataGet            
00001dfd  vPortEnterCritical            
00001e19  GPIOPinTypeGPIOOutput         
00001e33  UARTprintf                    
00001e67  ADCProcessorTrigger           
00001e81  pvTaskIncrementMutexHeldCount 
00001e99  vListInsertEnd                
00001eb1  vPortExitCritical             
00001ec9  vTaskSetTimeOutState          
00001ee1  vListInitialise               
00001ef9  vApplicationIdleHook          
00001f0d  vPortSetupTimerInterrupt      
00001f45  vApplicationTickHook          
00001f55  vTaskSuspendAll               
00001f65  ADCHardwareOversampleConfigure
00001f73  ADCSequenceEnable             
00001f81  __TI_decompress_none          
00001f8f  __TI_zero_init                
00001fa9  vTaskMissedYield              
00001fb5  ADCIntClear                   
00001fbf  GPIOPinWrite                  
00001fc5  ResetISR                      
00001fcb  SysCtlDelay                   
00001fd1  UARTClockSourceSet            
00001fd7  vListInitialiseItem           
00001fdd  _system_pre_init              
00001fe1  C$$EXIT                       
00001fe1  abort                         
00001ffc  ulMaxSyscallInterruptPriority 
00002010  __TI_Handler_Table_Base       
0000201c  __TI_Handler_Table_Limit      
00002028  __TI_CINIT_Base               
00002038  __TI_CINIT_Limit              
20000000  __start___llvm_prf_cnts       
20000000  __stop___llvm_prf_cnts        
200076ec  xFlashQueue                   
200076f0  xSensorBSemaphore             
200076f4  xSerialQueue                  
200076f8  xUARTMutex                    
20007700  __stack                       
20007900  __STACK_END                   
20007900  __STACK_TOP                   
20007900  pxCurrentTCB                  
ffffffff  __TI_pprof_out_hndl           
ffffffff  __TI_prof_data_size           
ffffffff  __TI_prof_data_start          
ffffffff  __binit__                     
ffffffff  __c_args__                    
ffffffff  binit                         
UNDEFED   __mpu_init                    
UNDEFED   _system_post_cinit            

[117 symbols]
